=== 実験 005: システム同定用 multi-sine 励振信号 ===
モーター: AK45-36 (ID: 1)
基準周波数: 4.0 Hz, 基準振幅: 0.9 Nm (瞬時最大: 1.710 Nm)
記録時間: 10.25 秒, サンプリング周期: 0.001 秒 (1000 Hz)
安全上限: 位置=3.14 rad, 速度=6.0 rad/s, トルク=10.0 Nm
ログ保存先: /home/pi/Research/y25m060_20260212/TMotorCANControl/my_ak45/Mujoco/data/raw/exp005_sysid_excitation_1786565198
==================================================
デバイスを初期化: AK45-36  ID: 1
Initializing CAN Manager
Connected on: socketcan channel 'can0'
デバイス制御を開始: AK45-36  ID: 1
位置ゼロ化を実行中...
ゼロ化完了
励振開始...
経過時間: 0.00 秒 | 指令トルク: 0.119 Nm | 実測トルク: 0.014 Nm | 位置: 0.158 rad | 速度: -0.025 rad/s
経過時間: 0.10 秒 | 指令トルク: 0.878 Nm | 実測トルク: 0.632 Nm | 位置: 0.197 rad | 速度: 4.289 rad/s
経過時間: 0.20 秒 | 指令トルク: -1.471 Nm | 実測トルク: -1.277 Nm | 位置: 0.520 rad | 速度: 0.306 rad/s
経過時間: 0.30 秒 | 指令トルク: 1.015 Nm | 実測トルク: 0.622 Nm | 位置: 0.439 rad | 速度: 0.204 rad/s
経過時間: 0.40 秒 | 指令トルク: -0.588 Nm | 実測トルク: -0.364 Nm | 位置: 0.710 rad | 速度: 3.225 rad/s
経過時間: 0.50 秒 | 指令トルク: -0.714 Nm | 実測トルク: -0.724 Nm | 位置: 0.697 rad | 速度: -1.927 rad/s
経過時間: 0.60 秒 | 指令トルク: 0.727 Nm | 実測トルク: 0.613 Nm | 位置: 0.711 rad | 速度: 2.325 rad/s
経過時間: 0.70 秒 | 指令トルク: -1.230 Nm | 実測トルク: -0.917 Nm | 位置: 0.884 rad | 速度: -0.476 rad/s
経過時間: 0.80 秒 | 指令トルク: 0.265 Nm | 実測トルク: 0.189 Nm | 位置: 0.710 rad | 速度: -0.379 rad/s
経過時間: 0.90 秒 | 指令トルク: -0.241 Nm | 実測トルク: -0.005 Nm | 位置: 0.898 rad | 速度: 1.988 rad/s
経過時間: 1.00 秒 | 指令トルク: -0.524 Nm | 実測トルク: -0.355 Nm | 位置: 0.814 rad | 速度: -2.111 rad/s
経過時間: 1.10 秒 | 指令トルク: 0.279 Nm | 実測トルク: 0.346 Nm | 位置: 0.785 rad | 速度: 1.897 rad/s
経過時間: 1.20 秒 | 指令トルク: -0.459 Nm | 実測トルク: -0.309 Nm | 位置: 0.915 rad | 速度: -0.848 rad/s
経過時間: 1.30 秒 | 指令トルク: 0.346 Nm | 実測トルク: 0.410 Nm | 位置: 0.739 rad | 速度: 0.101 rad/s
経過時間: 1.40 秒 | 指令トルク: -0.315 Nm | 実測トルク: -0.161 Nm | 位置: 0.914 rad | 速度: 1.473 rad/s
経過時間: 1.50 秒 | 指令トルク: 0.424 Nm | 実測トルク: 0.456 Nm | 位置: 0.805 rad | 速度: -2.460 rad/s
経過時間: 1.60 秒 | 指令トルク: 0.155 Nm | 実測トルク: 0.309 Nm | 位置: 0.778 rad | 速度: 2.267 rad/s
経過時間: 1.70 秒 | 指令トルク: -0.229 Nm | 実測トルク: -0.300 Nm | 位置: 0.903 rad | 速度: -1.572 rad/s
経過時間: 1.80 秒 | 指令トルク: 1.143 Nm | 実測トルク: 1.028 Nm | 位置: 0.709 rad | 速度: 0.142 rad/s
経過時間: 1.90 秒 | 指令トルク: -0.709 Nm | 実測トルク: -0.576 Nm | 位置: 0.894 rad | 速度: 1.648 rad/s
経過時間: 2.00 秒 | 指令トルク: 0.810 Nm | 実測トルク: 0.438 Nm | 位置: 0.791 rad | 速度: -3.014 rad/s
経過時間: 2.10 秒 | 指令トルク: 0.527 Nm | 実測トルク: 0.503 Nm | 位置: 0.777 rad | 速度: 2.750 rad/s
経過時間: 2.20 秒 | 指令トルク: -0.862 Nm | 実測トルク: -0.899 Nm | 位置: 0.921 rad | 速度: -1.716 rad/s
経過時間: 2.30 秒 | 指令トルク: 1.549 Nm | 実測トルク: 1.093 Nm | 位置: 0.715 rad | 速度: -0.400 rad/s
経過時間: 2.40 秒 | 指令トルク: -0.877 Nm | 実測トルク: -0.678 Nm | 位置: 0.896 rad | 速度: 2.132 rad/s
経過時間: 2.50 秒 | 指令トルク: 0.097 Nm | 実測トルク: -0.254 Nm | 位置: 0.790 rad | 速度: -3.310 rad/s
経過時間: 2.60 秒 | 指令トルク: 0.878 Nm | 実測トルク: 0.761 Nm | 位置: 0.747 rad | 速度: 2.223 rad/s
経過時間: 2.70 秒 | 指令トルク: -1.480 Nm | 実測トルク: -1.277 Nm | 位置: 0.874 rad | 速度: -1.388 rad/s
経過時間: 2.80 秒 | 指令トルク: 0.999 Nm | 実測トルク: 0.613 Nm | 位置: 0.646 rad | 速度: -1.071 rad/s
経過時間: 2.90 秒 | 指令トルク: -0.583 Nm | 実測トルク: -0.373 Nm | 位置: 0.813 rad | 速度: 2.108 rad/s
経過時間: 3.00 秒 | 指令トルク: -0.726 Nm | 実測トルク: -0.705 Nm | 位置: 0.717 rad | 速度: -2.665 rad/s
経過時間: 3.10 秒 | 指令トルク: 0.725 Nm | 実測トルク: 0.558 Nm | 位置: 0.669 rad | 速度: 1.936 rad/s
経過時間: 3.20 秒 | 指令トルク: -1.223 Nm | 実測トルク: -0.964 Nm | 位置: 0.802 rad | 速度: -0.620 rad/s
経過時間: 3.30 秒 | 指令トルク: 0.260 Nm | 実測トルク: 0.143 Nm | 位置: 0.608 rad | 速度: -0.614 rad/s
経過時間: 3.40 秒 | 指令トルク: -0.233 Nm | 実測トルク: 0.005 Nm | 位置: 0.783 rad | 速度: 1.912 rad/s
経過時間: 3.50 秒 | 指令トルク: -0.515 Nm | 実測トルク: -0.337 Nm | 位置: 0.696 rad | 速度: -2.067 rad/s
経過時間: 3.60 秒 | 指令トルク: 0.282 Nm | 実測トルク: 0.327 Nm | 位置: 0.667 rad | 速度: 2.009 rad/s
経過時間: 3.70 秒 | 指令トルク: -0.447 Nm | 実測トルク: -0.244 Nm | 位置: 0.797 rad | 速度: -0.828 rad/s
経過時間: 3.80 秒 | 指令トルク: 0.357 Nm | 実測トルク: 0.447 Nm | 位置: 0.621 rad | 速度: 0.084 rad/s
経過時間: 3.90 秒 | 指令トルク: -0.311 Nm | 実測トルク: -0.171 Nm | 位置: 0.795 rad | 速度: 1.531 rad/s
経過時間: 4.00 秒 | 指令トルク: 0.435 Nm | 実測トルク: 0.447 Nm | 位置: 0.694 rad | 速度: -2.340 rad/s
経過時間: 4.10 秒 | 指令トルク: 0.164 Nm | 実測トルク: 0.235 Nm | 位置: 0.675 rad | 速度: 2.486 rad/s
経過時間: 4.20 秒 | 指令トルク: -0.231 Nm | 実測トルク: -0.272 Nm | 位置: 0.805 rad | 速度: -1.546 rad/s
経過時間: 4.30 秒 | 指令トルク: 1.153 Nm | 実測トルク: 1.010 Nm | 位置: 0.615 rad | 速度: 0.160 rad/s
経過時間: 4.40 秒 | 指令トルク: -0.710 Nm | 実測トルク: -0.604 Nm | 位置: 0.798 rad | 速度: 1.684 rad/s
経過時間: 4.50 秒 | 指令トルク: 0.803 Nm | 実測トルク: 0.420 Nm | 位置: 0.696 rad | 速度: -3.023 rad/s
経過時間: 4.60 秒 | 指令トルク: 0.534 Nm | 実測トルク: 0.530 Nm | 位置: 0.684 rad | 速度: 2.803 rad/s
経過時間: 4.70 秒 | 指令トルク: -0.877 Nm | 実測トルク: -0.964 Nm | 位置: 0.832 rad | 速度: -1.678 rad/s
経過時間: 4.80 秒 | 指令トルク: 1.542 Nm | 実測トルク: 1.139 Nm | 位置: 0.633 rad | 速度: -0.432 rad/s
経過時間: 4.90 秒 | 指令トルク: -0.877 Nm | 実測トルク: -0.696 Nm | 位置: 0.822 rad | 速度: 2.155 rad/s
経過時間: 5.00 秒 | 指令トルク: 0.076 Nm | 実測トルク: -0.254 Nm | 位置: 0.737 rad | 速度: -3.102 rad/s
経過時間: 5.10 秒 | 指令トルク: 0.878 Nm | 実測トルク: 0.733 Nm | 位置: 0.714 rad | 速度: 2.545 rad/s
経過時間: 5.20 秒 | 指令トルク: -1.488 Nm | 実測トルク: -1.296 Nm | 位置: 0.863 rad | 速度: -1.221 rad/s
経過時間: 5.30 秒 | 指令トルク: 0.984 Nm | 実測トルク: 0.576 Nm | 位置: 0.646 rad | 速度: -1.021 rad/s
経過時間: 5.40 秒 | 指令トルク: -0.578 Nm | 実測トルク: -0.346 Nm | 位置: 0.827 rad | 速度: 2.331 rad/s
経過時間: 5.50 秒 | 指令トルク: -0.737 Nm | 実測トルク: -0.678 Nm | 位置: 0.748 rad | 速度: -2.507 rad/s
経過時間: 5.60 秒 | 指令トルク: 0.722 Nm | 実測トルク: 0.576 Nm | 位置: 0.715 rad | 速度: 2.041 rad/s
経過時間: 5.70 秒 | 指令トルク: -1.215 Nm | 実測トルク: -0.844 Nm | 位置: 0.857 rad | 速度: -0.505 rad/s
経過時間: 5.80 秒 | 指令トルク: 0.255 Nm | 実測トルク: 0.069 Nm | 位置: 0.674 rad | 速度: -0.464 rad/s
経過時間: 5.90 秒 | 指令トルク: -0.225 Nm | 実測トルク: -0.014 Nm | 位置: 0.864 rad | 速度: 2.056 rad/s
経過時間: 6.00 秒 | 指令トルク: -0.506 Nm | 実測トルク: -0.272 Nm | 位置: 0.792 rad | 速度: -2.064 rad/s
経過時間: 6.10 秒 | 指令トルク: 0.285 Nm | 実測トルク: 0.401 Nm | 位置: 0.772 rad | 速度: 1.933 rad/s
経過時間: 6.20 秒 | 指令トルク: -0.436 Nm | 実測トルク: -0.244 Nm | 位置: 0.907 rad | 速度: -0.872 rad/s
経過時間: 6.30 秒 | 指令トルク: 0.368 Nm | 実測トルク: 0.456 Nm | 位置: 0.733 rad | 速度: 0.127 rad/s
経過時間: 6.40 秒 | 指令トルク: -0.307 Nm | 実測トルク: -0.171 Nm | 位置: 0.908 rad | 速度: 1.440 rad/s
経過時間: 6.50 秒 | 指令トルク: 0.446 Nm | 実測トルク: 0.429 Nm | 位置: 0.804 rad | 速度: -2.410 rad/s
経過時間: 6.60 秒 | 指令トルク: 0.173 Nm | 実測トルク: 0.281 Nm | 位置: 0.780 rad | 速度: 2.404 rad/s
経過時間: 6.70 秒 | 指令トルク: -0.233 Nm | 実測トルク: -0.337 Nm | 位置: 0.907 rad | 速度: -1.719 rad/s
経過時間: 6.80 秒 | 指令トルク: 1.163 Nm | 実測トルク: 0.954 Nm | 位置: 0.703 rad | 速度: -0.048 rad/s
経過時間: 6.90 秒 | 指令トルク: -0.711 Nm | 実測トルク: -0.586 Nm | 位置: 0.872 rad | 速度: 1.487 rad/s
経過時間: 7.00 秒 | 指令トルク: 0.795 Nm | 実測トルク: 0.438 Nm | 位置: 0.757 rad | 速度: -2.952 rad/s
経過時間: 7.10 秒 | 指令トルク: 0.541 Nm | 実測トルク: 0.576 Nm | 位置: 0.734 rad | 速度: 2.794 rad/s
経過時間: 7.20 秒 | 指令トルク: -0.892 Nm | 実測トルク: -0.964 Nm | 位置: 0.881 rad | 速度: -1.666 rad/s
経過時間: 7.30 秒 | 指令トルク: 1.535 Nm | 実測トルク: 1.074 Nm | 位置: 0.678 rad | 速度: -0.473 rad/s
経過時間: 7.40 秒 | 指令トルク: -0.877 Nm | 実測トルク: -0.669 Nm | 位置: 0.867 rad | 速度: 2.076 rad/s
経過時間: 7.50 秒 | 指令トルク: 0.054 Nm | 実測トルク: -0.254 Nm | 位置: 0.774 rad | 速度: -3.213 rad/s
経過時間: 7.60 秒 | 指令トルク: 0.878 Nm | 実測トルク: 0.761 Nm | 位置: 0.741 rad | 速度: 2.434 rad/s
経過時間: 7.70 秒 | 指令トルク: -1.497 Nm | 実測トルク: -1.296 Nm | 位置: 0.887 rad | 速度: -1.197 rad/s
経過時間: 7.80 秒 | 指令トルク: 0.968 Nm | 実測トルク: 0.613 Nm | 位置: 0.667 rad | 速度: -1.045 rad/s
経過時間: 7.90 秒 | 指令トルク: -0.572 Nm | 実測トルク: -0.300 Nm | 位置: 0.841 rad | 速度: 2.205 rad/s
経過時間: 8.00 秒 | 指令トルク: -0.747 Nm | 実測トルク: -0.742 Nm | 位置: 0.756 rad | 速度: -2.756 rad/s
経過時間: 8.10 秒 | 指令トルク: 0.720 Nm | 実測トルク: 0.567 Nm | 位置: 0.713 rad | 速度: 2.023 rad/s
経過時間: 8.20 秒 | 指令トルク: -1.208 Nm | 実測トルク: -0.871 Nm | 位置: 0.854 rad | 速度: -0.605 rad/s
経過時間: 8.30 秒 | 指令トルク: 0.251 Nm | 実測トルク: 0.180 Nm | 位置: 0.667 rad | 速度: -0.517 rad/s
経過時間: 8.40 秒 | 指令トルク: -0.216 Nm | 実測トルク: -0.023 Nm | 位置: 0.845 rad | 速度: 1.956 rad/s
経過時間: 8.50 秒 | 指令トルク: -0.497 Nm | 実測トルク: -0.272 Nm | 位置: 0.761 rad | 速度: -2.155 rad/s
経過時間: 8.60 秒 | 指令トルク: 0.288 Nm | 実測トルク: 0.337 Nm | 位置: 0.729 rad | 速度: 1.936 rad/s
経過時間: 8.70 秒 | 指令トルク: -0.424 Nm | 実測トルク: -0.217 Nm | 位置: 0.862 rad | 速度: -0.889 rad/s
経過時間: 8.80 秒 | 指令トルク: 0.379 Nm | 実測トルク: 0.466 Nm | 位置: 0.684 rad | 速度: 0.084 rad/s
経過時間: 8.90 秒 | 指令トルク: -0.303 Nm | 実測トルク: -0.143 Nm | 位置: 0.859 rad | 速度: 1.440 rad/s
経過時間: 9.00 秒 | 指令トルク: 0.456 Nm | 実測トルク: 0.410 Nm | 位置: 0.754 rad | 速度: -2.252 rad/s
経過時間: 9.10 秒 | 指令トルク: 0.182 Nm | 実測トルク: 0.263 Nm | 位置: 0.730 rad | 速度: 2.519 rad/s
経過時間: 9.20 秒 | 指令トルク: -0.236 Nm | 実測トルク: -0.364 Nm | 位置: 0.865 rad | 速度: -1.572 rad/s
経過時間: 9.30 秒 | 指令トルク: 1.173 Nm | 実測トルク: 1.019 Nm | 位置: 0.677 rad | 速度: -0.004 rad/s
経過時間: 9.40 秒 | 指令トルク: -0.713 Nm | 実測トルク: -0.586 Nm | 位置: 0.854 rad | 速度: 1.704 rad/s
経過時間: 9.50 秒 | 指令トルク: 0.786 Nm | 実測トルク: 0.438 Nm | 位置: 0.747 rad | 速度: -3.020 rad/s
経過時間: 9.60 秒 | 指令トルク: 0.547 Nm | 実測トルク: 0.521 Nm | 位置: 0.731 rad | 速度: 2.738 rad/s
経過時間: 9.70 秒 | 指令トルク: -0.907 Nm | 実測トルク: -0.936 Nm | 位置: 0.887 rad | 速度: -1.590 rad/s
経過時間: 9.80 秒 | 指令トルク: 1.528 Nm | 実測トルク: 1.093 Nm | 位置: 0.688 rad | 速度: -0.453 rad/s
経過時間: 9.90 秒 | 指令トルク: -0.878 Nm | 実測トルク: -0.687 Nm | 位置: 0.881 rad | 速度: 2.141 rad/s
経過時間: 10.00 秒 | 指令トルク: 0.033 Nm | 実測トルク: -0.300 Nm | 位置: 0.798 rad | 速度: -3.084 rad/s
経過時間: 10.10 秒 | 指令トルク: 0.878 Nm | 実測トルク: 0.752 Nm | 位置: 0.763 rad | 速度: 2.410 rad/s
経過時間: 10.20 秒 | 指令トルク: -1.505 Nm | 実測トルク: -1.323 Nm | 位置: 0.904 rad | 速度: -1.162 rad/s
実行時間: 10.25 秒
サンプル数: 実測 10250 / 期待値 10250
In 10250 cycles at 1000.00 Hz:
	avg error: 0.002 milliseconds
	stddev error: 0.029 milliseconds
	percent of time sleeping: 86.5 %
デバイス制御を終了: AK45-36  ID: 1
ログ保存完了: /home/pi/Research/y25m060_20260212/TMotorCANControl/my_ak45/Mujoco/data/raw/exp005_sysid_excitation_1786565198

======================================================================
sysid励振データ 自動検証
  対象: /home/pi/Research/y25m060_20260212/TMotorCANControl/my_ak45/Mujoco/data/raw/exp005_sysid_excitation_1786565198/log.csv
======================================================================
  [ OK ] 1. 取得の完全性: 10251 / 10250 サンプル (100.0%), 記録時間 10.25s, 公称dt 1.00ms
  [info]    (注): t列は公称時刻のため実ジッタは評価不可
  [WARN] 9. 起動過渡: 3.81 rad/s 超は t=0.092〜0.140s に集中（起動直後の過渡）。 以降の速度評価は t>=0.15s で行う。sysid では先頭 0.15s を捨てるか励振にフェードインを入れること
  [ OK ]    使用可能データ量: 切り捨て後 10.10s / 目標 10.00s（目標達成）
  [ OK ] 2. 速度ピーク: 3.69 rad/s (無負荷速度 5.45 の 68%), rms 1.91
  [ OK ]    高速域の時間割合: 0.00% が 3.81 rad/s 超
  [ OK ] 3. トルク線形性: 1.088 = 速度別勾配の最大/最小 (0-1:0.769, 1-2:0.837, 2-3:0.808)
  [ OK ] 4. 指令と実測の符号反転: 0.58% (|指令|>0.3Nm のうち)
  [info] 5. 飽和の原因: 電流ピーク 0.337A（定格 2.0A の 17%）。 速度飽和があれば逆起電力（電圧）由来
  [ OK ] 6. 指令-実測の遅れ: 相互相関ピーク 3ms (相関 0.9980, ラグ0で 0.9753)。 sysid整形時は実測列を 3 行前に詰めること
  [info] 7. 周波数応答: 定常ゲインK=0.817, 一次遅れT=1.26ms, むだ時間L=1.85ms
  [info]    高調波内訳: 4.0Hz:振幅比0.820/位相7.2deg, 13.6Hz:振幅比0.808/位相15.3deg, 29.6Hz:振幅比0.796/位相32.5deg
  [ OK ] 8. 速度デコード健全性: 位置の有限差分に対する回帰勾配 0.9939（許容 0.8〜1.25）, 相関 0.9974
  [ OK ] 10. 励振の十分性: 位置の可動範囲 0.529 rad（下限 0.2 rad。小さすぎると摩擦が同定できない）
  [ OK ] 11. 温度余裕: 64 → 65℃（上限 75℃ まで 10℃）
----------------------------------------------------------------------
  判定: 条件付き合格（WARN 1件） — 上記の注意点を踏まえて使用のこと
======================================================================
実験 005 完了
