=== 実験 005: システム同定用 multi-sine 励振信号 ===
モーター: AK45-36 (ID: 1)
基準周波数: 4.0 Hz, 基準振幅: 0.9 Nm (瞬時最大: 1.710 Nm)
記録時間: 10.25 秒, サンプリング周期: 0.001 秒 (1000 Hz)
安全上限: 位置=3.14 rad, 速度=6.0 rad/s, トルク=10.0 Nm
ログ保存先: /home/pi/Research/y25m060_20260212/TMotorCANControl/my_ak45/Mujoco/data/raw/exp005_sysid_excitation_1786566023
==================================================
デバイスを初期化: AK45-36  ID: 1
Initializing CAN Manager
Connected on: socketcan channel 'can0'
デバイス制御を開始: AK45-36  ID: 1
位置ゼロ化を実行中...
ゼロ化完了
励振開始...
経過時間: 0.00 秒 | 指令トルク: 0.119 Nm | 実測トルク: 0.023 Nm | 位置: 0.225 rad | 速度: 0.013 rad/s
経過時間: 0.10 秒 | 指令トルク: 0.878 Nm | 実測トルク: 0.659 Nm | 位置: 0.203 rad | 速度: 4.303 rad/s
経過時間: 0.20 秒 | 指令トルク: -1.471 Nm | 実測トルク: -1.249 Nm | 位置: 0.534 rad | 速度: 0.391 rad/s
経過時間: 0.30 秒 | 指令トルク: 1.015 Nm | 実測トルク: 0.650 Nm | 位置: 0.464 rad | 速度: 0.368 rad/s
経過時間: 0.40 秒 | 指令トルク: -0.588 Nm | 実測トルク: -0.392 Nm | 位置: 0.744 rad | 速度: 3.155 rad/s
経過時間: 0.50 秒 | 指令トルク: -0.714 Nm | 実測トルク: -0.705 Nm | 位置: 0.733 rad | 速度: -2.108 rad/s
経過時間: 0.60 秒 | 指令トルク: 0.727 Nm | 実測トルク: 0.613 Nm | 位置: 0.752 rad | 速度: 2.566 rad/s
経過時間: 0.70 秒 | 指令トルク: -1.230 Nm | 実測トルク: -0.917 Nm | 位置: 0.930 rad | 速度: -0.529 rad/s
経過時間: 0.80 秒 | 指令トルク: 0.265 Nm | 実測トルク: 0.152 Nm | 位置: 0.752 rad | 速度: -0.418 rad/s
経過時間: 0.90 秒 | 指令トルク: -0.241 Nm | 実測トルク: -0.060 Nm | 位置: 0.944 rad | 速度: 2.176 rad/s
経過時間: 1.00 秒 | 指令トルク: -0.524 Nm | 実測トルク: -0.300 Nm | 位置: 0.879 rad | 速度: -1.915 rad/s
経過時間: 1.10 秒 | 指令トルク: 0.279 Nm | 実測トルク: 0.281 Nm | 位置: 0.869 rad | 速度: 2.126 rad/s
経過時間: 1.20 秒 | 指令トルク: -0.459 Nm | 実測トルク: -0.281 Nm | 位置: 1.015 rad | 速度: -0.784 rad/s
経過時間: 1.30 秒 | 指令トルク: 0.346 Nm | 実測トルク: 0.438 Nm | 位置: 0.849 rad | 速度: 0.136 rad/s
経過時間: 1.40 秒 | 指令トルク: -0.315 Nm | 実測トルク: -0.189 Nm | 位置: 1.024 rad | 速度: 1.505 rad/s
経過時間: 1.50 秒 | 指令トルク: 0.424 Nm | 実測トルク: 0.401 Nm | 位置: 0.910 rad | 速度: -2.495 rad/s
経過時間: 1.60 秒 | 指令トルク: 0.155 Nm | 実測トルク: 0.226 Nm | 位置: 0.875 rad | 速度: 2.246 rad/s
経過時間: 1.70 秒 | 指令トルク: -0.229 Nm | 実測トルク: -0.272 Nm | 位置: 1.000 rad | 速度: -1.528 rad/s
経過時間: 1.80 秒 | 指令トルク: 1.143 Nm | 実測トルク: 1.000 Nm | 位置: 0.809 rad | 速度: 0.122 rad/s
経過時間: 1.90 秒 | 指令トルク: -0.709 Nm | 実測トルク: -0.558 Nm | 位置: 0.995 rad | 速度: 1.733 rad/s
経過時間: 2.00 秒 | 指令トルク: 0.810 Nm | 実測トルク: 0.493 Nm | 位置: 0.892 rad | 速度: -2.800 rad/s
経過時間: 2.10 秒 | 指令トルク: 0.527 Nm | 実測トルク: 0.503 Nm | 位置: 0.884 rad | 速度: 2.923 rad/s
経過時間: 2.20 秒 | 指令トルク: -0.862 Nm | 実測トルク: -0.871 Nm | 位置: 1.040 rad | 速度: -1.514 rad/s
経過時間: 2.30 秒 | 指令トルク: 1.549 Nm | 実測トルク: 1.083 Nm | 位置: 0.847 rad | 速度: -0.318 rad/s
経過時間: 2.40 秒 | 指令トルク: -0.877 Nm | 実測トルク: -0.650 Nm | 位置: 1.047 rad | 速度: 2.331 rad/s
経過時間: 2.50 秒 | 指令トルク: 0.097 Nm | 実測トルク: -0.290 Nm | 位置: 0.960 rad | 速度: -3.172 rad/s
経過時間: 2.60 秒 | 指令トルク: 0.878 Nm | 実測トルク: 0.733 Nm | 位置: 0.930 rad | 速度: 2.399 rad/s
経過時間: 2.70 秒 | 指令トルク: -1.480 Nm | 実測トルク: -1.296 Nm | 位置: 1.072 rad | 速度: -1.364 rad/s
経過時間: 2.80 秒 | 指令トルク: 0.999 Nm | 実測トルク: 0.586 Nm | 位置: 0.852 rad | 速度: -1.036 rad/s
経過時間: 2.90 秒 | 指令トルク: -0.583 Nm | 実測トルク: -0.364 Nm | 位置: 1.024 rad | 速度: 2.249 rad/s
経過時間: 3.00 秒 | 指令トルク: -0.726 Nm | 実測トルク: -0.779 Nm | 位置: 0.933 rad | 速度: -2.630 rad/s
経過時間: 3.10 秒 | 指令トルク: 0.725 Nm | 実測トルク: 0.613 Nm | 位置: 0.890 rad | 速度: 1.968 rad/s
経過時間: 3.20 秒 | 指令トルク: -1.223 Nm | 実測トルク: -0.853 Nm | 位置: 1.023 rad | 速度: -0.626 rad/s
経過時間: 3.30 秒 | 指令トルク: 0.260 Nm | 実測トルク: 0.152 Nm | 位置: 0.833 rad | 速度: -0.470 rad/s
経過時間: 3.40 秒 | 指令トルク: -0.233 Nm | 実測トルク: -0.032 Nm | 位置: 1.023 rad | 速度: 2.097 rad/s
経過時間: 3.50 秒 | 指令トルク: -0.515 Nm | 実測トルク: -0.300 Nm | 位置: 0.951 rad | 速度: -1.906 rad/s
経過時間: 3.60 秒 | 指令トルク: 0.282 Nm | 実測トルク: 0.290 Nm | 位置: 0.932 rad | 速度: 2.088 rad/s
経過時間: 3.70 秒 | 指令トルク: -0.447 Nm | 実測トルク: -0.272 Nm | 位置: 1.069 rad | 速度: -0.857 rad/s
経過時間: 3.80 秒 | 指令トルク: 0.357 Nm | 実測トルク: 0.401 Nm | 位置: 0.892 rad | 速度: 0.075 rad/s
経過時間: 3.90 秒 | 指令トルク: -0.311 Nm | 実測トルク: -0.171 Nm | 位置: 1.069 rad | 速度: 1.525 rad/s
経過時間: 4.00 秒 | 指令トルク: 0.435 Nm | 実測トルク: 0.438 Nm | 位置: 0.966 rad | 速度: -2.375 rad/s
経過時間: 4.10 秒 | 指令トルク: 0.164 Nm | 実測トルク: 0.226 Nm | 位置: 0.944 rad | 速度: 2.396 rad/s
経過時間: 4.20 秒 | 指令トルク: -0.231 Nm | 実測トルク: -0.327 Nm | 位置: 1.075 rad | 速度: -1.569 rad/s
経過時間: 4.30 秒 | 指令トルク: 1.153 Nm | 実測トルク: 0.991 Nm | 位置: 0.883 rad | 速度: 0.063 rad/s
経過時間: 4.40 秒 | 指令トルク: -0.710 Nm | 実測トルク: -0.567 Nm | 位置: 1.059 rad | 速度: 1.575 rad/s
経過時間: 4.50 秒 | 指令トルク: 0.803 Nm | 実測トルク: 0.456 Nm | 位置: 0.949 rad | 速度: -2.900 rad/s
経過時間: 4.60 秒 | 指令トルク: 0.534 Nm | 実測トルク: 0.484 Nm | 位置: 0.933 rad | 速度: 2.955 rad/s
経過時間: 4.70 秒 | 指令トルク: -0.877 Nm | 実測トルク: -0.936 Nm | 位置: 1.081 rad | 速度: -1.628 rad/s
経過時間: 4.80 秒 | 指令トルク: 1.542 Nm | 実測トルク: 1.139 Nm | 位置: 0.876 rad | 速度: -0.450 rad/s
経過時間: 4.90 秒 | 指令トルク: -0.877 Nm | 実測トルク: -0.705 Nm | 位置: 1.054 rad | 速度: 2.082 rad/s
経過時間: 5.00 秒 | 指令トルク: 0.076 Nm | 実測トルク: -0.263 Nm | 位置: 0.956 rad | 速度: -3.175 rad/s
経過時間: 5.10 秒 | 指令トルク: 0.878 Nm | 実測トルク: 0.724 Nm | 位置: 0.920 rad | 速度: 2.334 rad/s
経過時間: 5.20 秒 | 指令トルク: -1.488 Nm | 実測トルク: -1.286 Nm | 位置: 1.059 rad | 速度: -1.124 rad/s
経過時間: 5.30 秒 | 指令トルク: 0.984 Nm | 実測トルク: 0.558 Nm | 位置: 0.847 rad | 速度: -0.925 rad/s
経過時間: 5.40 秒 | 指令トルク: -0.578 Nm | 実測トルク: -0.355 Nm | 位置: 1.031 rad | 速度: 2.340 rad/s
経過時間: 5.50 秒 | 指令トルク: -0.737 Nm | 実測トルク: -0.733 Nm | 位置: 0.947 rad | 速度: -2.539 rad/s
経過時間: 5.60 秒 | 指令トルク: 0.722 Nm | 実測トルク: 0.558 Nm | 位置: 0.907 rad | 速度: 1.965 rad/s
経過時間: 5.70 秒 | 指令トルク: -1.215 Nm | 実測トルク: -0.890 Nm | 位置: 1.045 rad | 速度: -0.716 rad/s
経過時間: 5.80 秒 | 指令トルク: 0.255 Nm | 実測トルク: 0.180 Nm | 位置: 0.849 rad | 速度: -0.596 rad/s
経過時間: 5.90 秒 | 指令トルク: -0.225 Nm | 実測トルク: -0.032 Nm | 位置: 1.025 rad | 速度: 1.892 rad/s
経過時間: 6.00 秒 | 指令トルク: -0.506 Nm | 実測トルク: -0.290 Nm | 位置: 0.941 rad | 速度: -2.170 rad/s
経過時間: 6.10 秒 | 指令トルク: 0.285 Nm | 実測トルク: 0.327 Nm | 位置: 0.908 rad | 速度: 2.015 rad/s
経過時間: 6.20 秒 | 指令トルク: -0.436 Nm | 実測トルク: -0.189 Nm | 位置: 1.037 rad | 速度: -0.948 rad/s
経過時間: 6.30 秒 | 指令トルク: 0.368 Nm | 実測トルク: 0.438 Nm | 位置: 0.858 rad | 速度: 0.040 rad/s
経過時間: 6.40 秒 | 指令トルク: -0.307 Nm | 実測トルク: -0.189 Nm | 位置: 1.026 rad | 速度: 1.467 rad/s
経過時間: 6.50 秒 | 指令トルク: 0.446 Nm | 実測トルク: 0.456 Nm | 位置: 0.916 rad | 速度: -2.428 rad/s
経過時間: 6.60 秒 | 指令トルク: 0.173 Nm | 実測トルク: 0.235 Nm | 位置: 0.886 rad | 速度: 2.489 rad/s
経過時間: 6.70 秒 | 指令トルク: -0.233 Nm | 実測トルク: -0.281 Nm | 位置: 1.013 rad | 速度: -1.625 rad/s
経過時間: 6.80 秒 | 指令トルク: 1.163 Nm | 実測トルク: 1.019 Nm | 位置: 0.819 rad | 速度: 0.028 rad/s
経過時間: 6.90 秒 | 指令トルク: -0.711 Nm | 実測トルク: -0.567 Nm | 位置: 0.990 rad | 速度: 1.493 rad/s
経過時間: 7.00 秒 | 指令トルク: 0.795 Nm | 実測トルク: 0.410 Nm | 位置: 0.878 rad | 速度: -2.920 rad/s
経過時間: 7.10 秒 | 指令トルク: 0.541 Nm | 実測トルク: 0.558 Nm | 位置: 0.855 rad | 速度: 2.894 rad/s
経過時間: 7.20 秒 | 指令トルク: -0.892 Nm | 実測トルク: -0.908 Nm | 位置: 1.004 rad | 速度: -1.637 rad/s
経過時間: 7.30 秒 | 指令トルク: 1.535 Nm | 実測トルク: 1.139 Nm | 位置: 0.800 rad | 速度: -0.488 rad/s
経過時間: 7.40 秒 | 指令トルク: -0.877 Nm | 実測トルク: -0.669 Nm | 位置: 0.989 rad | 速度: 2.243 rad/s
経過時間: 7.50 秒 | 指令トルク: 0.054 Nm | 実測トルク: -0.300 Nm | 位置: 0.901 rad | 速度: -3.087 rad/s
経過時間: 7.60 秒 | 指令トルク: 0.878 Nm | 実測トルク: 0.742 Nm | 位置: 0.867 rad | 速度: 2.434 rad/s
経過時間: 7.70 秒 | 指令トルク: -1.497 Nm | 実測トルク: -1.277 Nm | 位置: 1.010 rad | 速度: -1.247 rad/s
経過時間: 7.80 秒 | 指令トルク: 0.968 Nm | 実測トルク: 0.576 Nm | 位置: 0.796 rad | 速度: -1.001 rad/s
経過時間: 7.90 秒 | 指令トルク: -0.572 Nm | 実測トルク: -0.337 Nm | 位置: 0.980 rad | 速度: 2.466 rad/s
経過時間: 8.00 秒 | 指令トルク: -0.747 Nm | 実測トルク: -0.742 Nm | 位置: 0.901 rad | 速度: -2.557 rad/s
経過時間: 8.10 秒 | 指令トルク: 0.720 Nm | 実測トルク: 0.567 Nm | 位置: 0.862 rad | 速度: 1.927 rad/s
経過時間: 8.20 秒 | 指令トルク: -1.208 Nm | 実測トルク: -0.825 Nm | 位置: 1.004 rad | 速度: -0.570 rad/s
経過時間: 8.30 秒 | 指令トルク: 0.251 Nm | 実測トルク: 0.152 Nm | 位置: 0.819 rad | 速度: -0.517 rad/s
経過時間: 8.40 秒 | 指令トルク: -0.216 Nm | 実測トルク: -0.005 Nm | 位置: 1.013 rad | 速度: 2.114 rad/s
経過時間: 8.50 秒 | 指令トルク: -0.497 Nm | 実測トルク: -0.300 Nm | 位置: 0.939 rad | 速度: -1.953 rad/s
経過時間: 8.60 秒 | 指令トルク: 0.288 Nm | 実測トルク: 0.309 Nm | 位置: 0.914 rad | 速度: 2.050 rad/s
経過時間: 8.70 秒 | 指令トルク: -0.424 Nm | 実測トルク: -0.235 Nm | 位置: 1.051 rad | 速度: -0.825 rad/s
経過時間: 8.80 秒 | 指令トルク: 0.379 Nm | 実測トルク: 0.438 Nm | 位置: 0.867 rad | 速度: -0.019 rad/s
経過時間: 8.90 秒 | 指令トルク: -0.303 Nm | 実測トルク: -0.171 Nm | 位置: 1.038 rad | 速度: 1.514 rad/s
経過時間: 9.00 秒 | 指令トルク: 0.456 Nm | 実測トルク: 0.420 Nm | 位置: 0.932 rad | 速度: -2.375 rad/s
経過時間: 9.10 秒 | 指令トルク: 0.182 Nm | 実測トルク: 0.290 Nm | 位置: 0.902 rad | 速度: 2.510 rad/s
経過時間: 9.20 秒 | 指令トルク: -0.236 Nm | 実測トルク: -0.364 Nm | 位置: 1.032 rad | 速度: -1.569 rad/s
経過時間: 9.30 秒 | 指令トルク: 1.173 Nm | 実測トルク: 1.019 Nm | 位置: 0.845 rad | 速度: -0.001 rad/s
経過時間: 9.40 秒 | 指令トルク: -0.713 Nm | 実測トルク: -0.586 Nm | 位置: 1.023 rad | 速度: 1.634 rad/s
経過時間: 9.50 秒 | 指令トルク: 0.786 Nm | 実測トルク: 0.456 Nm | 位置: 0.938 rad | 速度: -2.788 rad/s
経過時間: 9.60 秒 | 指令トルク: 0.547 Nm | 実測トルク: 0.576 Nm | 位置: 0.947 rad | 速度: 2.949 rad/s
経過時間: 9.70 秒 | 指令トルク: -0.907 Nm | 実測トルク: -0.964 Nm | 位置: 1.125 rad | 速度: -1.276 rad/s
経過時間: 9.80 秒 | 指令トルク: 1.528 Nm | 実測トルク: 1.047 Nm | 位置: 0.949 rad | 速度: -0.239 rad/s
経過時間: 9.90 秒 | 指令トルク: -0.878 Nm | 実測トルク: -0.715 Nm | 位置: 1.162 rad | 速度: 2.387 rad/s
経過時間: 10.00 秒 | 指令トルク: 0.033 Nm | 実測トルク: -0.290 Nm | 位置: 1.090 rad | 速度: -2.947 rad/s
経過時間: 10.10 秒 | 指令トルク: 0.878 Nm | 実測トルク: 0.761 Nm | 位置: 1.071 rad | 速度: 2.451 rad/s
経過時間: 10.20 秒 | 指令トルク: -1.505 Nm | 実測トルク: -1.296 Nm | 位置: 1.229 rad | 速度: -1.109 rad/s
実行時間: 10.25 秒
サンプル数: 実測 10250 / 期待値 10250
In 10250 cycles at 1000.00 Hz:
	avg error: 0.000 milliseconds
	stddev error: 0.028 milliseconds
	percent of time sleeping: 86.9 %
デバイス制御を終了: AK45-36  ID: 1
ログ保存完了: /home/pi/Research/y25m060_20260212/TMotorCANControl/my_ak45/Mujoco/data/raw/exp005_sysid_excitation_1786566023

======================================================================
sysid励振データ 自動検証
  対象: /home/pi/Research/y25m060_20260212/TMotorCANControl/my_ak45/Mujoco/data/raw/exp005_sysid_excitation_1786566023/log.csv
======================================================================
  [ OK ] 1. 取得の完全性: 10251 / 10250 サンプル (100.0%), 記録時間 10.25s, 公称dt 1.00ms
  [WARN]    実ジッタ (wall_time): 平均-0.000ms, 標準偏差0.042ms, 最大1.404ms (t=6.56s付近)
  [WARN] 9. 起動過渡: 3.81 rad/s 超は t=0.092〜0.142s に集中（起動直後の過渡）。 以降の速度評価は t>=0.15s で行う。sysid では先頭 0.15s を捨てるか励振にフェードインを入れること
  [ OK ]    使用可能データ量: 切り捨て後 10.10s / 目標 10.00s（目標達成）
  [ OK ] 2. 速度ピーク: 3.71 rad/s (無負荷速度 5.45 の 68%), rms 1.92
  [ OK ]    高速域の時間割合: 0.00% が 3.81 rad/s 超
  [ OK ] 3. トルク線形性: 1.084 = 速度別勾配の最大/最小 (0-1:0.770, 1-2:0.835, 2-3:0.808)
  [ OK ] 4. 指令と実測の符号反転: 0.52% (|指令|>0.3Nm のうち)
  [info] 5. 飽和の原因: 電流ピーク 0.339A（定格 2.0A の 17%）。 速度飽和があれば逆起電力（電圧）由来
  [ OK ] 6. 指令-実測の遅れ: 相互相関ピーク 3ms (相関 0.9980, ラグ0で 0.9752)。 sysid整形時は実測列を 3 行前に詰めること
  [info] 7. 周波数応答: 定常ゲインK=0.817, 一次遅れT=1.20ms, むだ時間L=1.91ms
  [info]    高調波内訳: 4.0Hz:振幅比0.820/位相7.1deg, 13.6Hz:振幅比0.808/位相15.3deg, 29.6Hz:振幅比0.798/位相32.6deg
  [ OK ] 8. 速度デコード健全性: 位置の有限差分に対する回帰勾配 0.9935（許容 0.8〜1.25）, 相関 0.9975
  [ OK ] 10. 励振の十分性: 位置の可動範囲 0.815 rad（下限 0.2 rad。小さすぎると摩擦が同定できない）
  [ OK ] 11. 温度余裕: 68 → 68℃（上限 75℃ まで 7℃）
----------------------------------------------------------------------
  判定: 条件付き合格（WARN 2件） — 上記の注意点を踏まえて使用のこと
======================================================================
実験 005 完了
