=== 実験 005: システム同定用 multi-sine 励振信号 ===
モーター: AK45-36 (ID: 1)
基準周波数: 4.0 Hz, 基準振幅: 0.9 Nm (瞬時最大: 1.710 Nm)
記録時間: 10.25 秒, サンプリング周期: 0.001 秒 (1000 Hz)
安全上限: 位置=3.14 rad, 速度=6.0 rad/s, トルク=10.0 Nm
ログ保存先: /home/pi/Research/y25m060_20260212/TMotorCANControl/my_ak45/Mujoco/data/raw/exp005_sysid_excitation_1786575782
==================================================
デバイスを初期化: AK45-36  ID: 1
Initializing CAN Manager
Connected on: socketcan channel 'can0'
デバイス制御を開始: AK45-36  ID: 1
位置ゼロ化を実行中...
ゼロ化完了
励振開始...
経過時間: 0.00 秒 | 指令トルク: 0.119 Nm | 実測トルク: 0.005 Nm | 位置: 0.734 rad | 速度: 0.001 rad/s
経過時間: 0.10 秒 | 指令トルク: 0.878 Nm | 実測トルク: 0.613 Nm | 位置: 0.197 rad | 速度: 4.500 rad/s
経過時間: 0.20 秒 | 指令トルク: -1.471 Nm | 実測トルク: -1.249 Nm | 位置: 0.522 rad | 速度: 0.338 rad/s
経過時間: 0.30 秒 | 指令トルク: 1.015 Nm | 実測トルク: 0.650 Nm | 位置: 0.441 rad | 速度: 0.303 rad/s
経過時間: 0.40 秒 | 指令トルク: -0.588 Nm | 実測トルク: -0.346 Nm | 位置: 0.717 rad | 速度: 3.137 rad/s
経過時間: 0.50 秒 | 指令トルク: -0.714 Nm | 実測トルク: -0.715 Nm | 位置: 0.709 rad | 速度: -1.968 rad/s
経過時間: 0.60 秒 | 指令トルク: 0.727 Nm | 実測トルク: 0.586 Nm | 位置: 0.726 rad | 速度: 2.522 rad/s
経過時間: 0.70 秒 | 指令トルク: -1.230 Nm | 実測トルク: -0.936 Nm | 位置: 0.904 rad | 速度: -0.456 rad/s
経過時間: 0.80 秒 | 指令トルク: 0.265 Nm | 実測トルク: 0.143 Nm | 位置: 0.730 rad | 速度: -0.409 rad/s
経過時間: 0.90 秒 | 指令トルク: -0.241 Nm | 実測トルク: -0.041 Nm | 位置: 0.933 rad | 速度: 2.223 rad/s
経過時間: 1.00 秒 | 指令トルク: -0.524 Nm | 実測トルク: -0.318 Nm | 位置: 0.870 rad | 速度: -1.915 rad/s
経過時間: 1.10 秒 | 指令トルク: 0.279 Nm | 実測トルク: 0.290 Nm | 位置: 0.854 rad | 速度: 2.167 rad/s
経過時間: 1.20 秒 | 指令トルク: -0.459 Nm | 実測トルク: -0.281 Nm | 位置: 0.991 rad | 速度: -0.895 rad/s
経過時間: 1.30 秒 | 指令トルク: 0.346 Nm | 実測トルク: 0.438 Nm | 位置: 0.815 rad | 速度: 0.125 rad/s
経過時間: 1.40 秒 | 指令トルク: -0.315 Nm | 実測トルク: -0.180 Nm | 位置: 0.994 rad | 速度: 1.654 rad/s
経過時間: 1.50 秒 | 指令トルク: 0.424 Nm | 実測トルク: 0.429 Nm | 位置: 0.891 rad | 速度: -2.425 rad/s
経過時間: 1.60 秒 | 指令トルク: 0.155 Nm | 実測トルク: 0.226 Nm | 位置: 0.862 rad | 速度: 2.352 rad/s
経過時間: 1.70 秒 | 指令トルク: -0.229 Nm | 実測トルク: -0.337 Nm | 位置: 0.982 rad | 速度: -1.689 rad/s
経過時間: 1.80 秒 | 指令トルク: 1.143 Nm | 実測トルク: 1.000 Nm | 位置: 0.783 rad | 速度: 0.016 rad/s
経過時間: 1.90 秒 | 指令トルク: -0.709 Nm | 実測トルク: -0.530 Nm | 位置: 0.958 rad | 速度: 1.484 rad/s
経過時間: 2.00 秒 | 指令トルク: 0.810 Nm | 実測トルク: 0.456 Nm | 位置: 0.852 rad | 速度: -2.829 rad/s
経過時間: 2.10 秒 | 指令トルク: 0.527 Nm | 実測トルク: 0.503 Nm | 位置: 0.839 rad | 速度: 2.882 rad/s
経過時間: 2.20 秒 | 指令トルク: -0.862 Nm | 実測トルク: -0.917 Nm | 位置: 0.992 rad | 速度: -1.546 rad/s
経過時間: 2.30 秒 | 指令トルク: 1.549 Nm | 実測トルク: 1.148 Nm | 位置: 0.797 rad | 速度: -0.397 rad/s
経過時間: 2.40 秒 | 指令トルク: -0.877 Nm | 実測トルク: -0.687 Nm | 位置: 0.990 rad | 速度: 2.164 rad/s
経過時間: 2.50 秒 | 指令トルク: 0.097 Nm | 実測トルク: -0.207 Nm | 位置: 0.905 rad | 速度: -3.134 rad/s
経過時間: 2.60 秒 | 指令トルク: 0.878 Nm | 実測トルク: 0.788 Nm | 位置: 0.886 rad | 速度: 2.598 rad/s
経過時間: 2.70 秒 | 指令トルク: -1.480 Nm | 実測トルク: -1.332 Nm | 位置: 1.040 rad | 速度: -1.100 rad/s
経過時間: 2.80 秒 | 指令トルク: 0.999 Nm | 実測トルク: 0.530 Nm | 位置: 0.833 rad | 速度: -1.030 rad/s
経過時間: 2.90 秒 | 指令トルク: -0.583 Nm | 実測トルク: -0.263 Nm | 位置: 1.008 rad | 速度: 2.349 rad/s
経過時間: 3.00 秒 | 指令トルク: -0.726 Nm | 実測トルク: -0.742 Nm | 位置: 0.918 rad | 速度: -2.695 rad/s
経過時間: 3.10 秒 | 指令トルク: 0.725 Nm | 実測トルク: 0.558 Nm | 位置: 0.875 rad | 速度: 1.868 rad/s
経過時間: 3.20 秒 | 指令トルク: -1.223 Nm | 実測トルク: -0.927 Nm | 位置: 1.010 rad | 速度: -0.649 rad/s
経過時間: 3.30 秒 | 指令トルク: 0.260 Nm | 実測トルク: 0.097 Nm | 位置: 0.817 rad | 速度: -0.602 rad/s
経過時間: 3.40 秒 | 指令トルク: -0.233 Nm | 実測トルク: -0.051 Nm | 位置: 0.994 rad | 速度: 2.041 rad/s
経過時間: 3.50 秒 | 指令トルク: -0.515 Nm | 実測トルク: -0.309 Nm | 位置: 0.913 rad | 速度: -2.023 rad/s
経過時間: 3.60 秒 | 指令トルク: 0.282 Nm | 実測トルク: 0.318 Nm | 位置: 0.885 rad | 速度: 1.977 rad/s
経過時間: 3.70 秒 | 指令トルク: -0.447 Nm | 実測トルク: -0.226 Nm | 位置: 1.013 rad | 速度: -0.954 rad/s
経過時間: 3.80 秒 | 指令トルク: 0.357 Nm | 実測トルク: 0.420 Nm | 位置: 0.828 rad | 速度: -0.013 rad/s
経過時間: 3.90 秒 | 指令トルク: -0.311 Nm | 実測トルク: -0.171 Nm | 位置: 1.002 rad | 速度: 1.490 rad/s
経過時間: 4.00 秒 | 指令トルク: 0.435 Nm | 実測トルク: 0.438 Nm | 位置: 0.899 rad | 速度: -2.360 rad/s
経過時間: 4.10 秒 | 指令トルク: 0.164 Nm | 実測トルク: 0.207 Nm | 位置: 0.879 rad | 速度: 2.431 rad/s
経過時間: 4.20 秒 | 指令トルク: -0.231 Nm | 実測トルク: -0.318 Nm | 位置: 1.008 rad | 速度: -1.616 rad/s
経過時間: 4.30 秒 | 指令トルク: 1.153 Nm | 実測トルク: 0.964 Nm | 位置: 0.803 rad | 速度: -0.089 rad/s
経過時間: 4.40 秒 | 指令トルク: -0.710 Nm | 実測トルク: -0.539 Nm | 位置: 0.973 rad | 速度: 1.560 rad/s
経過時間: 4.50 秒 | 指令トルク: 0.803 Nm | 実測トルク: 0.466 Nm | 位置: 0.856 rad | 速度: -3.207 rad/s
経過時間: 4.60 秒 | 指令トルク: 0.534 Nm | 実測トルク: 0.549 Nm | 位置: 0.829 rad | 速度: 2.557 rad/s
経過時間: 4.70 秒 | 指令トルク: -0.877 Nm | 実測トルク: -0.945 Nm | 位置: 0.966 rad | 速度: -1.830 rad/s
経過時間: 4.80 秒 | 指令トルク: 1.542 Nm | 実測トルク: 1.102 Nm | 位置: 0.746 rad | 速度: -0.658 rad/s
経過時間: 4.90 秒 | 指令トルク: -0.877 Nm | 実測トルク: -0.705 Nm | 位置: 0.917 rad | 速度: 1.936 rad/s
経過時間: 5.00 秒 | 指令トルク: 0.076 Nm | 実測トルク: -0.272 Nm | 位置: 0.809 rad | 速度: -3.245 rad/s
経過時間: 5.10 秒 | 指令トルク: 0.878 Nm | 実測トルク: 0.761 Nm | 位置: 0.771 rad | 速度: 2.460 rad/s
経過時間: 5.20 秒 | 指令トルク: -1.488 Nm | 実測トルク: -1.342 Nm | 位置: 0.916 rad | 速度: -1.238 rad/s
経過時間: 5.30 秒 | 指令トルク: 0.984 Nm | 実測トルク: 0.595 Nm | 位置: 0.698 rad | 速度: -1.024 rad/s
経過時間: 5.40 秒 | 指令トルク: -0.578 Nm | 実測トルク: -0.327 Nm | 位置: 0.870 rad | 速度: 2.296 rad/s
経過時間: 5.50 秒 | 指令トルク: -0.737 Nm | 実測トルク: -0.715 Nm | 位置: 0.786 rad | 速度: -2.510 rad/s
経過時間: 5.60 秒 | 指令トルク: 0.722 Nm | 実測トルク: 0.558 Nm | 位置: 0.751 rad | 速度: 1.994 rad/s
経過時間: 5.70 秒 | 指令トルク: -1.215 Nm | 実測トルク: -0.862 Nm | 位置: 0.894 rad | 速度: -0.573 rad/s
経過時間: 5.80 秒 | 指令トルク: 0.255 Nm | 実測トルク: 0.171 Nm | 位置: 0.709 rad | 速度: -0.555 rad/s
経過時間: 5.90 秒 | 指令トルク: -0.225 Nm | 実測トルク: 0.014 Nm | 位置: 0.896 rad | 速度: 2.152 rad/s
経過時間: 6.00 秒 | 指令トルク: -0.506 Nm | 実測トルク: -0.263 Nm | 位置: 0.818 rad | 速度: -2.088 rad/s
経過時間: 6.10 秒 | 指令トルク: 0.285 Nm | 実測トルク: 0.318 Nm | 位置: 0.793 rad | 速度: 1.944 rad/s
経過時間: 6.20 秒 | 指令トルク: -0.436 Nm | 実測トルク: -0.244 Nm | 位置: 0.926 rad | 速度: -0.892 rad/s
経過時間: 6.30 秒 | 指令トルク: 0.368 Nm | 実測トルク: 0.410 Nm | 位置: 0.740 rad | 速度: -0.054 rad/s
経過時間: 6.40 秒 | 指令トルク: -0.307 Nm | 実測トルク: -0.207 Nm | 位置: 0.910 rad | 速度: 1.484 rad/s
経過時間: 6.50 秒 | 指令トルク: 0.446 Nm | 実測トルク: 0.456 Nm | 位置: 0.808 rad | 速度: -2.287 rad/s
経過時間: 6.60 秒 | 指令トルク: 0.173 Nm | 実測トルク: 0.290 Nm | 位置: 0.783 rad | 速度: 2.366 rad/s
経過時間: 6.70 秒 | 指令トルク: -0.233 Nm | 実測トルク: -0.309 Nm | 位置: 0.909 rad | 速度: -1.663 rad/s
経過時間: 6.80 秒 | 指令トルク: 1.163 Nm | 実測トルク: 1.010 Nm | 位置: 0.709 rad | 速度: -0.066 rad/s
経過時間: 6.90 秒 | 指令トルク: -0.711 Nm | 実測トルク: -0.613 Nm | 位置: 0.878 rad | 速度: 1.511 rad/s
経過時間: 7.00 秒 | 指令トルク: 0.795 Nm | 実測トルク: 0.420 Nm | 位置: 0.765 rad | 速度: -2.929 rad/s
経過時間: 7.10 秒 | 指令トルク: 0.541 Nm | 実測トルク: 0.539 Nm | 位置: 0.742 rad | 速度: 2.692 rad/s
経過時間: 7.20 秒 | 指令トルク: -0.892 Nm | 実測トルク: -0.991 Nm | 位置: 0.889 rad | 速度: -1.645 rad/s
経過時間: 7.30 秒 | 指令トルク: 1.535 Nm | 実測トルク: 1.130 Nm | 位置: 0.683 rad | 速度: -0.570 rad/s
経過時間: 7.40 秒 | 指令トルク: -0.877 Nm | 実測トルク: -0.715 Nm | 位置: 0.863 rad | 速度: 2.085 rad/s
経過時間: 7.50 秒 | 指令トルク: 0.054 Nm | 実測トルク: -0.235 Nm | 位置: 0.761 rad | 速度: -3.105 rad/s
経過時間: 7.60 秒 | 指令トルク: 0.878 Nm | 実測トルク: 0.752 Nm | 位置: 0.722 rad | 速度: 2.366 rad/s
経過時間: 7.70 秒 | 指令トルク: -1.497 Nm | 実測トルク: -1.305 Nm | 位置: 0.869 rad | 速度: -1.144 rad/s
経過時間: 7.80 秒 | 指令トルク: 0.968 Nm | 実測トルク: 0.558 Nm | 位置: 0.654 rad | 速度: -1.068 rad/s
経過時間: 7.90 秒 | 指令トルク: -0.572 Nm | 実測トルク: -0.337 Nm | 位置: 0.831 rad | 速度: 2.246 rad/s
経過時間: 8.00 秒 | 指令トルク: -0.747 Nm | 実測トルク: -0.724 Nm | 位置: 0.753 rad | 速度: -2.577 rad/s
経過時間: 8.10 秒 | 指令トルク: 0.720 Nm | 実測トルク: 0.586 Nm | 位置: 0.720 rad | 速度: 2.050 rad/s
経過時間: 8.20 秒 | 指令トルク: -1.208 Nm | 実測トルク: -0.954 Nm | 位置: 0.865 rad | 速度: -0.649 rad/s
経過時間: 8.30 秒 | 指令トルク: 0.251 Nm | 実測トルク: 0.161 Nm | 位置: 0.668 rad | 速度: -0.734 rad/s
経過時間: 8.40 秒 | 指令トルク: -0.216 Nm | 実測トルク: -0.005 Nm | 位置: 0.841 rad | 速度: 1.871 rad/s
経過時間: 8.50 秒 | 指令トルク: -0.497 Nm | 実測トルク: -0.244 Nm | 位置: 0.756 rad | 速度: -2.108 rad/s
経過時間: 8.60 秒 | 指令トルク: 0.288 Nm | 実測トルク: 0.337 Nm | 位置: 0.721 rad | 速度: 1.874 rad/s
経過時間: 8.70 秒 | 指令トルク: -0.424 Nm | 実測トルク: -0.244 Nm | 位置: 0.842 rad | 速度: -1.065 rad/s
経過時間: 8.80 秒 | 指令トルク: 0.379 Nm | 実測トルク: 0.410 Nm | 位置: 0.651 rad | 速度: -0.001 rad/s
経過時間: 8.90 秒 | 指令トルク: -0.303 Nm | 実測トルク: -0.161 Nm | 位置: 0.823 rad | 速度: 1.519 rad/s
経過時間: 9.00 秒 | 指令トルク: 0.456 Nm | 実測トルク: 0.429 Nm | 位置: 0.718 rad | 速度: -2.498 rad/s
経過時間: 9.10 秒 | 指令トルク: 0.182 Nm | 実測トルク: 0.263 Nm | 位置: 0.683 rad | 速度: 2.258 rad/s
経過時間: 9.20 秒 | 指令トルク: -0.236 Nm | 実測トルク: -0.346 Nm | 位置: 0.804 rad | 速度: -1.678 rad/s
経過時間: 9.30 秒 | 指令トルク: 1.173 Nm | 実測トルク: 1.056 Nm | 位置: 0.601 rad | 速度: -0.045 rad/s
経過時間: 9.40 秒 | 指令トルク: -0.713 Nm | 実測トルク: -0.604 Nm | 位置: 0.776 rad | 速度: 1.678 rad/s
経過時間: 9.50 秒 | 指令トルク: 0.786 Nm | 実測トルク: 0.475 Nm | 位置: 0.673 rad | 速度: -3.032 rad/s
経過時間: 9.60 秒 | 指令トルク: 0.547 Nm | 実測トルク: 0.586 Nm | 位置: 0.656 rad | 速度: 2.700 rad/s
経過時間: 9.70 秒 | 指令トルク: -0.907 Nm | 実測トルク: -0.954 Nm | 位置: 0.806 rad | 速度: -1.663 rad/s
経過時間: 9.80 秒 | 指令トルク: 1.528 Nm | 実測トルク: 1.111 Nm | 位置: 0.596 rad | 速度: -0.608 rad/s
経過時間: 9.90 秒 | 指令トルク: -0.878 Nm | 実測トルク: -0.632 Nm | 位置: 0.775 rad | 速度: 1.997 rad/s
経過時間: 10.00 秒 | 指令トルク: 0.033 Nm | 実測トルク: -0.327 Nm | 位置: 0.679 rad | 速度: -3.163 rad/s
経過時間: 10.10 秒 | 指令トルク: 0.878 Nm | 実測トルク: 0.724 Nm | 位置: 0.645 rad | 速度: 2.495 rad/s
経過時間: 10.20 秒 | 指令トルク: -1.505 Nm | 実測トルク: -1.351 Nm | 位置: 0.790 rad | 速度: -1.223 rad/s
実行時間: 10.25 秒
サンプル数: 実測 10250 / 期待値 10250
In 10250 cycles at 1000.00 Hz:
	avg error: 0.001 milliseconds
	stddev error: 0.037 milliseconds
	percent of time sleeping: 86.3 %
デバイス制御を終了: AK45-36  ID: 1
ログ保存完了: /home/pi/Research/y25m060_20260212/TMotorCANControl/my_ak45/Mujoco/data/raw/exp005_sysid_excitation_1786575782

======================================================================
sysid励振データ 自動検証
  対象: /home/pi/Research/y25m060_20260212/TMotorCANControl/my_ak45/Mujoco/data/raw/exp005_sysid_excitation_1786575782/log.csv
======================================================================
  [ OK ] 1. 取得の完全性: 10251 / 10250 サンプル (100.0%), 記録時間 10.25s, 公称dt 1.00ms
  [WARN]    実ジッタ (wall_time): 平均-0.000ms, 標準偏差0.047ms, 最大1.866ms (t=8.82s付近), 1.0ms超は5/10250サンプル (0.05%), 蓄積+0.0022ms/秒
  [info]    (参考): 単発スパイクはLinux（非リアルタイムOS）の背景ノイズで、本スクリプトの処理が原因ではない（numpy/CSV/CAN/GCを全て除いた最小構成でも同規模で発生することを確認済み）。SoftRealtimeLoopが直後のサンプルで詰めて相殺するため蓄積せず、実害はない
  [info]    (対処): sysid整形時は t（公称時刻）ではなく wall_time を TimeSeries の時刻軸に使うこと。指令トルクは公称tで計算され実際には wall_time の時点で印加されるため、wall_time を使えばこのずれは補正される
  [WARN] 9. 起動過渡: 3.81 rad/s 超は t=0.092〜0.140s に集中（起動直後の過渡）。 以降の速度評価は t>=0.15s で行う。sysid では先頭 0.15s を捨てるか励振にフェードインを入れること
  [ OK ]    使用可能データ量: 切り捨て後 10.10s / 目標 10.00s（目標達成）
  [ OK ] 2. 速度ピーク: 3.68 rad/s (無負荷速度 5.45 の 68%), rms 1.92
  [ OK ]    高速域の時間割合: 0.00% が 3.81 rad/s 超
  [ OK ] 3. トルク線形性: 1.082 = 速度別勾配の最大/最小 (0-1:0.770, 1-2:0.833, 2-3:0.810)
  [ OK ] 4. 指令と実測の符号反転: 0.59% (|指令|>0.3Nm のうち)
  [info] 5. 飽和の原因: 電流ピーク 0.343A（定格 2.0A の 17%）。 速度飽和があれば逆起電力（電圧）由来
  [ OK ] 6. 指令-実測の遅れ: 相互相関ピーク 3ms (相関 0.9979, ラグ0で 0.9752)。 sysid整形時は実測列を 3 行前に詰めること
  [info] 7. 周波数応答: 定常ゲインK=0.817, 一次遅れT=1.24ms, むだ時間L=1.87ms
  [info]    高調波内訳: 4.0Hz:振幅比0.820/位相7.1deg, 13.6Hz:振幅比0.808/位相15.3deg, 29.6Hz:振幅比0.797/位相32.6deg
  [ OK ] 8. 速度デコード健全性: 位置の有限差分に対する回帰勾配 0.9938（許容 0.8〜1.25）, 相関 0.9973
  [ OK ] 10. 励振の十分性: 位置の可動範囲 0.636 rad（下限 0.2 rad。小さすぎると摩擦が同定できない）
  [ OK ] 11. 温度余裕: 67 → 67℃（上限 75℃ まで 8℃）
----------------------------------------------------------------------
  判定: 条件付き合格（WARN 2件） — 上記の注意点を踏まえて使用のこと
======================================================================
実験 005 完了
