=== 実験 005: システム同定用 multi-sine 励振信号 ===
モーター: AK45-36 (ID: 1)
基準周波数: 4.0 Hz, 基準振幅: 0.9 Nm (瞬時最大: 1.710 Nm)
記録時間: 10.25 秒, サンプリング周期: 0.001 秒 (1000 Hz)
安全上限: 位置=3.14 rad, 速度=6.0 rad/s, トルク=10.0 Nm
ログ保存先: /home/pi/Research/y25m060_20260212/TMotorCANControl/my_ak45/Mujoco/data/raw/exp005_sysid_excitation_1786575616
==================================================
デバイスを初期化: AK45-36  ID: 1
Initializing CAN Manager
Connected on: socketcan channel 'can0'
デバイス制御を開始: AK45-36  ID: 1
位置ゼロ化を実行中...
ゼロ化完了
励振開始...
経過時間: 0.00 秒 | 指令トルク: 0.119 Nm | 実測トルク: 0.032 Nm | 位置: 0.188 rad | 速度: 0.016 rad/s
経過時間: 0.10 秒 | 指令トルク: 0.878 Nm | 実測トルク: 0.733 Nm | 位置: 0.198 rad | 速度: 4.394 rad/s
経過時間: 0.20 秒 | 指令トルク: -1.471 Nm | 実測トルク: -1.268 Nm | 位置: 0.523 rad | 速度: 0.356 rad/s
経過時間: 0.30 秒 | 指令トルク: 1.015 Nm | 実測トルク: 0.659 Nm | 位置: 0.442 rad | 速度: 0.154 rad/s
経過時間: 0.40 秒 | 指令トルク: -0.588 Nm | 実測トルク: -0.300 Nm | 位置: 0.711 rad | 速度: 3.284 rad/s
経過時間: 0.50 秒 | 指令トルク: -0.714 Nm | 実測トルク: -0.761 Nm | 位置: 0.698 rad | 速度: -2.006 rad/s
経過時間: 0.60 秒 | 指令トルク: 0.727 Nm | 実測トルク: 0.586 Nm | 位置: 0.714 rad | 速度: 2.522 rad/s
経過時間: 0.70 秒 | 指令トルク: -1.230 Nm | 実測トルク: -0.881 Nm | 位置: 0.894 rad | 速度: -0.523 rad/s
経過時間: 0.80 秒 | 指令トルク: 0.265 Nm | 実測トルク: 0.161 Nm | 位置: 0.715 rad | 速度: -0.435 rad/s
経過時間: 0.90 秒 | 指令トルク: -0.241 Nm | 実測トルク: -0.069 Nm | 位置: 0.908 rad | 速度: 2.161 rad/s
経過時間: 1.00 秒 | 指令トルク: -0.524 Nm | 実測トルク: -0.290 Nm | 位置: 0.835 rad | 速度: -2.021 rad/s
経過時間: 1.10 秒 | 指令トルク: 0.279 Nm | 実測トルク: 0.281 Nm | 位置: 0.815 rad | 速度: 2.029 rad/s
経過時間: 1.20 秒 | 指令トルク: -0.459 Nm | 実測トルク: -0.281 Nm | 位置: 0.954 rad | 速度: -0.913 rad/s
経過時間: 1.30 秒 | 指令トルク: 0.346 Nm | 実測トルク: 0.456 Nm | 位置: 0.777 rad | 速度: -0.004 rad/s
経過時間: 1.40 秒 | 指令トルク: -0.315 Nm | 実測トルク: -0.161 Nm | 位置: 0.941 rad | 速度: 1.341 rad/s
経過時間: 1.50 秒 | 指令トルク: 0.424 Nm | 実測トルク: 0.401 Nm | 位置: 0.827 rad | 速度: -2.522 rad/s
経過時間: 1.60 秒 | 指令トルク: 0.155 Nm | 実測トルク: 0.272 Nm | 位置: 0.799 rad | 速度: 2.296 rad/s
経過時間: 1.70 秒 | 指令トルク: -0.229 Nm | 実測トルク: -0.290 Nm | 位置: 0.922 rad | 速度: -1.692 rad/s
経過時間: 1.80 秒 | 指令トルク: 1.143 Nm | 実測トルク: 1.028 Nm | 位置: 0.726 rad | 速度: 0.022 rad/s
経過時間: 1.90 秒 | 指令トルク: -0.709 Nm | 実測トルク: -0.613 Nm | 位置: 0.895 rad | 速度: 1.490 rad/s
経過時間: 2.00 秒 | 指令トルク: 0.810 Nm | 実測トルク: 0.503 Nm | 位置: 0.785 rad | 速度: -3.034 rad/s
経過時間: 2.10 秒 | 指令トルク: 0.527 Nm | 実測トルク: 0.503 Nm | 位置: 0.769 rad | 速度: 2.882 rad/s
経過時間: 2.20 秒 | 指令トルク: -0.862 Nm | 実測トルク: -0.954 Nm | 位置: 0.921 rad | 速度: -1.625 rad/s
経過時間: 2.30 秒 | 指令トルク: 1.549 Nm | 実測トルク: 1.157 Nm | 位置: 0.721 rad | 速度: -0.397 rad/s
経過時間: 2.40 秒 | 指令トルク: -0.877 Nm | 実測トルク: -0.687 Nm | 位置: 0.912 rad | 速度: 2.226 rad/s
経過時間: 2.50 秒 | 指令トルク: 0.097 Nm | 実測トルク: -0.226 Nm | 位置: 0.818 rad | 速度: -3.146 rad/s
経過時間: 2.60 秒 | 指令トルク: 0.878 Nm | 実測トルク: 0.825 Nm | 位置: 0.785 rad | 速度: 2.390 rad/s
経過時間: 2.70 秒 | 指令トルク: -1.480 Nm | 実測トルク: -1.296 Nm | 位置: 0.928 rad | 速度: -1.218 rad/s
経過時間: 2.80 秒 | 指令トルク: 0.999 Nm | 実測トルク: 0.632 Nm | 位置: 0.707 rad | 速度: -1.053 rad/s
経過時間: 2.90 秒 | 指令トルク: -0.583 Nm | 実測トルク: -0.355 Nm | 位置: 0.876 rad | 速度: 2.308 rad/s
経過時間: 3.00 秒 | 指令トルク: -0.726 Nm | 実測トルク: -0.705 Nm | 位置: 0.780 rad | 速度: -2.727 rad/s
経過時間: 3.10 秒 | 指令トルク: 0.725 Nm | 実測トルク: 0.632 Nm | 位置: 0.731 rad | 速度: 2.015 rad/s
経過時間: 3.20 秒 | 指令トルク: -1.223 Nm | 実測トルク: -0.862 Nm | 位置: 0.865 rad | 速度: -0.693 rad/s
経過時間: 3.30 秒 | 指令トルク: 0.260 Nm | 実測トルク: 0.207 Nm | 位置: 0.668 rad | 速度: -0.590 rad/s
経過時間: 3.40 秒 | 指令トルク: -0.233 Nm | 実測トルク: -0.069 Nm | 位置: 0.846 rad | 速度: 2.067 rad/s
経過時間: 3.50 秒 | 指令トルク: -0.515 Nm | 実測トルク: -0.309 Nm | 位置: 0.765 rad | 速度: -1.988 rad/s
経過時間: 3.60 秒 | 指令トルク: 0.282 Nm | 実測トルク: 0.337 Nm | 位置: 0.741 rad | 速度: 1.971 rad/s
経過時間: 3.70 秒 | 指令トルク: -0.447 Nm | 実測トルク: -0.290 Nm | 位置: 0.877 rad | 速度: -0.895 rad/s
経過時間: 3.80 秒 | 指令トルク: 0.357 Nm | 実測トルク: 0.373 Nm | 位置: 0.694 rad | 速度: 0.066 rad/s
経過時間: 3.90 秒 | 指令トルク: -0.311 Nm | 実測トルク: -0.198 Nm | 位置: 0.865 rad | 速度: 1.470 rad/s
経過時間: 4.00 秒 | 指令トルク: 0.435 Nm | 実測トルク: 0.420 Nm | 位置: 0.761 rad | 速度: -2.466 rad/s
経過時間: 4.10 秒 | 指令トルク: 0.164 Nm | 実測トルク: 0.290 Nm | 位置: 0.736 rad | 速度: 2.419 rad/s
経過時間: 4.20 秒 | 指令トルク: -0.231 Nm | 実測トルク: -0.318 Nm | 位置: 0.865 rad | 速度: -1.599 rad/s
経過時間: 4.30 秒 | 指令トルク: 1.153 Nm | 実測トルク: 1.000 Nm | 位置: 0.664 rad | 速度: -0.042 rad/s
経過時間: 4.40 秒 | 指令トルク: -0.710 Nm | 実測トルク: -0.604 Nm | 位置: 0.836 rad | 速度: 1.569 rad/s
経過時間: 4.50 秒 | 指令トルク: 0.803 Nm | 実測トルク: 0.456 Nm | 位置: 0.720 rad | 速度: -3.049 rad/s
経過時間: 4.60 秒 | 指令トルク: 0.534 Nm | 実測トルク: 0.521 Nm | 位置: 0.694 rad | 速度: 2.715 rad/s
経過時間: 4.70 秒 | 指令トルク: -0.877 Nm | 実測トルク: -0.973 Nm | 位置: 0.841 rad | 速度: -1.686 rad/s
経過時間: 4.80 秒 | 指令トルク: 1.542 Nm | 実測トルク: 1.083 Nm | 位置: 0.637 rad | 速度: -0.438 rad/s
経過時間: 4.90 秒 | 指令トルク: -0.877 Nm | 実測トルク: -0.687 Nm | 位置: 0.831 rad | 速度: 2.258 rad/s
経過時間: 5.00 秒 | 指令トルク: 0.076 Nm | 実測トルク: -0.207 Nm | 位置: 0.743 rad | 速度: -2.967 rad/s
経過時間: 5.10 秒 | 指令トルク: 0.878 Nm | 実測トルク: 0.733 Nm | 位置: 0.715 rad | 速度: 2.366 rad/s
経過時間: 5.20 秒 | 指令トルク: -1.488 Nm | 実測トルク: -1.286 Nm | 位置: 0.863 rad | 速度: -1.250 rad/s
経過時間: 5.30 秒 | 指令トルク: 0.984 Nm | 実測トルク: 0.595 Nm | 位置: 0.648 rad | 速度: -0.913 rad/s
経過時間: 5.40 秒 | 指令トルク: -0.578 Nm | 実測トルク: -0.327 Nm | 位置: 0.830 rad | 速度: 2.422 rad/s
経過時間: 5.50 秒 | 指令トルク: -0.737 Nm | 実測トルク: -0.788 Nm | 位置: 0.746 rad | 速度: -2.715 rad/s
経過時間: 5.60 秒 | 指令トルク: 0.722 Nm | 実測トルク: 0.613 Nm | 位置: 0.704 rad | 速度: 1.897 rad/s
経過時間: 5.70 秒 | 指令トルク: -1.215 Nm | 実測トルク: -0.871 Nm | 位置: 0.838 rad | 速度: -0.605 rad/s
経過時間: 5.80 秒 | 指令トルク: 0.255 Nm | 実測トルク: 0.198 Nm | 位置: 0.646 rad | 速度: -0.494 rad/s
経過時間: 5.90 秒 | 指令トルク: -0.225 Nm | 実測トルク: -0.014 Nm | 位置: 0.835 rad | 速度: 2.138 rad/s
経過時間: 6.00 秒 | 指令トルク: -0.506 Nm | 実測トルク: -0.263 Nm | 位置: 0.763 rad | 速度: -2.026 rad/s
経過時間: 6.10 秒 | 指令トルク: 0.285 Nm | 実測トルク: 0.272 Nm | 位置: 0.745 rad | 速度: 2.050 rad/s
経過時間: 6.20 秒 | 指令トルク: -0.436 Nm | 実測トルク: -0.327 Nm | 位置: 0.884 rad | 速度: -0.872 rad/s
経過時間: 6.30 秒 | 指令トルク: 0.368 Nm | 実測トルク: 0.447 Nm | 位置: 0.702 rad | 速度: -0.048 rad/s
経過時間: 6.40 秒 | 指令トルク: -0.307 Nm | 実測トルク: -0.180 Nm | 位置: 0.865 rad | 速度: 1.396 rad/s
経過時間: 6.50 秒 | 指令トルク: 0.446 Nm | 実測トルク: 0.438 Nm | 位置: 0.751 rad | 速度: -2.407 rad/s
経過時間: 6.60 秒 | 指令トルク: 0.173 Nm | 実測トルク: 0.254 Nm | 位置: 0.715 rad | 速度: 2.226 rad/s
経過時間: 6.70 秒 | 指令トルク: -0.233 Nm | 実測トルク: -0.226 Nm | 位置: 0.837 rad | 速度: -1.572 rad/s
経過時間: 6.80 秒 | 指令トルク: 1.163 Nm | 実測トルク: 0.991 Nm | 位置: 0.636 rad | 速度: 0.025 rad/s
経過時間: 6.90 秒 | 指令トルク: -0.711 Nm | 実測トルク: -0.604 Nm | 位置: 0.822 rad | 速度: 1.713 rad/s
経過時間: 7.00 秒 | 指令トルク: 0.795 Nm | 実測トルク: 0.493 Nm | 位置: 0.728 rad | 速度: -2.686 rad/s
経過時間: 7.10 秒 | 指令トルク: 0.541 Nm | 実測トルク: 0.493 Nm | 位置: 0.722 rad | 速度: 2.768 rad/s
経過時間: 7.20 秒 | 指令トルク: -0.892 Nm | 実測トルク: -0.927 Nm | 位置: 0.882 rad | 速度: -1.519 rad/s
経過時間: 7.30 秒 | 指令トルク: 1.535 Nm | 実測トルク: 1.111 Nm | 位置: 0.686 rad | 速度: -0.359 rad/s
経過時間: 7.40 秒 | 指令トルク: -0.877 Nm | 実測トルク: -0.641 Nm | 位置: 0.884 rad | 速度: 2.135 rad/s
経過時間: 7.50 秒 | 指令トルク: 0.054 Nm | 実測トルク: -0.300 Nm | 位置: 0.797 rad | 速度: -3.122 rad/s
経過時間: 7.60 秒 | 指令トルク: 0.878 Nm | 実測トルク: 0.696 Nm | 位置: 0.769 rad | 速度: 2.595 rad/s
経過時間: 7.70 秒 | 指令トルク: -1.497 Nm | 実測トルク: -1.323 Nm | 位置: 0.920 rad | 速度: -1.162 rad/s
経過時間: 7.80 秒 | 指令トルク: 0.968 Nm | 実測トルク: 0.558 Nm | 位置: 0.703 rad | 速度: -1.036 rad/s
経過時間: 7.90 秒 | 指令トルク: -0.572 Nm | 実測トルク: -0.355 Nm | 位置: 0.878 rad | 速度: 2.325 rad/s
経過時間: 8.00 秒 | 指令トルク: -0.747 Nm | 実測トルク: -0.669 Nm | 位置: 0.791 rad | 速度: -2.703 rad/s
経過時間: 8.10 秒 | 指令トルク: 0.720 Nm | 実測トルク: 0.576 Nm | 位置: 0.744 rad | 速度: 1.859 rad/s
経過時間: 8.20 秒 | 指令トルク: -1.208 Nm | 実測トルク: -0.825 Nm | 位置: 0.877 rad | 速度: -0.649 rad/s
経過時間: 8.30 秒 | 指令トルク: 0.251 Nm | 実測トルク: 0.244 Nm | 位置: 0.686 rad | 速度: -0.555 rad/s
経過時間: 8.40 秒 | 指令トルク: -0.216 Nm | 実測トルク: -0.014 Nm | 位置: 0.863 rad | 速度: 1.909 rad/s
経過時間: 8.50 秒 | 指令トルク: -0.497 Nm | 実測トルク: -0.290 Nm | 位置: 0.779 rad | 速度: -1.994 rad/s
経過時間: 8.60 秒 | 指令トルク: 0.288 Nm | 実測トルク: 0.309 Nm | 位置: 0.749 rad | 速度: 2.012 rad/s
経過時間: 8.70 秒 | 指令トルク: -0.424 Nm | 実測トルク: -0.226 Nm | 位置: 0.883 rad | 速度: -0.954 rad/s
経過時間: 8.80 秒 | 指令トルク: 0.379 Nm | 実測トルク: 0.401 Nm | 位置: 0.699 rad | 速度: 0.051 rad/s
経過時間: 8.90 秒 | 指令トルク: -0.303 Nm | 実測トルク: -0.189 Nm | 位置: 0.874 rad | 速度: 1.528 rad/s
経過時間: 9.00 秒 | 指令トルク: 0.456 Nm | 実測トルク: 0.429 Nm | 位置: 0.766 rad | 速度: -2.457 rad/s
経過時間: 9.10 秒 | 指令トルク: 0.182 Nm | 実測トルク: 0.318 Nm | 位置: 0.737 rad | 速度: 2.375 rad/s
経過時間: 9.20 秒 | 指令トルク: -0.236 Nm | 実測トルク: -0.392 Nm | 位置: 0.866 rad | 速度: -1.593 rad/s
経過時間: 9.30 秒 | 指令トルク: 1.173 Nm | 実測トルク: 0.982 Nm | 位置: 0.665 rad | 速度: 0.004 rad/s
経過時間: 9.40 秒 | 指令トルク: -0.713 Nm | 実測トルク: -0.539 Nm | 位置: 0.841 rad | 速度: 1.645 rad/s
経過時間: 9.50 秒 | 指令トルク: 0.786 Nm | 実測トルク: 0.466 Nm | 位置: 0.731 rad | 速度: -2.882 rad/s
経過時間: 9.60 秒 | 指令トルク: 0.547 Nm | 実測トルク: 0.586 Nm | 位置: 0.705 rad | 速度: 2.680 rad/s
経過時間: 9.70 秒 | 指令トルク: -0.907 Nm | 実測トルク: -0.964 Nm | 位置: 0.847 rad | 速度: -1.660 rad/s
経過時間: 9.80 秒 | 指令トルク: 1.528 Nm | 実測トルク: 1.074 Nm | 位置: 0.638 rad | 速度: -0.596 rad/s
経過時間: 9.90 秒 | 指令トルク: -0.878 Nm | 実測トルク: -0.678 Nm | 位置: 0.825 rad | 速度: 2.267 rad/s
経過時間: 10.00 秒 | 指令トルク: 0.033 Nm | 実測トルク: -0.263 Nm | 位置: 0.732 rad | 速度: -3.237 rad/s
経過時間: 10.10 秒 | 指令トルク: 0.878 Nm | 実測トルク: 0.696 Nm | 位置: 0.699 rad | 速度: 2.484 rad/s
経過時間: 10.20 秒 | 指令トルク: -1.505 Nm | 実測トルク: -1.360 Nm | 位置: 0.847 rad | 速度: -1.182 rad/s
実行時間: 10.25 秒
サンプル数: 実測 10250 / 期待値 10250
In 10250 cycles at 1000.00 Hz:
	avg error: 0.001 milliseconds
	stddev error: 0.034 milliseconds
	percent of time sleeping: 86.6 %
デバイス制御を終了: AK45-36  ID: 1
ログ保存完了: /home/pi/Research/y25m060_20260212/TMotorCANControl/my_ak45/Mujoco/data/raw/exp005_sysid_excitation_1786575616

======================================================================
sysid励振データ 自動検証
  対象: /home/pi/Research/y25m060_20260212/TMotorCANControl/my_ak45/Mujoco/data/raw/exp005_sysid_excitation_1786575616/log.csv
======================================================================
  [ OK ] 1. 取得の完全性: 10251 / 10250 サンプル (100.0%), 記録時間 10.25s, 公称dt 1.00ms
  [WARN]    実ジッタ (wall_time): 平均-0.000ms, 標準偏差0.050ms, 最大1.680ms (t=8.64s付近), 1.0ms超は4/10250サンプル (0.04%), 蓄積+0.0026ms/秒
  [info]    (参考): 単発スパイクはLinux（非リアルタイムOS）の背景ノイズで、本スクリプトの処理が原因ではない（numpy/CSV/CAN/GCを全て除いた最小構成でも同規模で発生することを確認済み）。SoftRealtimeLoopが直後のサンプルで詰めて相殺するため蓄積せず、実害はない
  [info]    (対処): sysid整形時は t（公称時刻）ではなく wall_time を TimeSeries の時刻軸に使うこと。指令トルクは公称tで計算され実際には wall_time の時点で印加されるため、wall_time を使えばこのずれは補正される
  [WARN] 9. 起動過渡: 3.81 rad/s 超は t=0.093〜0.141s に集中（起動直後の過渡）。 以降の速度評価は t>=0.15s で行う。sysid では先頭 0.15s を捨てるか励振にフェードインを入れること
  [ OK ]    使用可能データ量: 切り捨て後 10.10s / 目標 10.00s（目標達成）
  [ OK ] 2. 速度ピーク: 3.68 rad/s (無負荷速度 5.45 の 68%), rms 1.92
  [ OK ]    高速域の時間割合: 0.00% が 3.81 rad/s 超
  [ OK ] 3. トルク線形性: 1.090 = 速度別勾配の最大/最小 (0-1:0.767, 1-2:0.837, 2-3:0.807)
  [ OK ] 4. 指令と実測の符号反転: 0.68% (|指令|>0.3Nm のうち)
  [info] 5. 飽和の原因: 電流ピーク 0.337A（定格 2.0A の 17%）。 速度飽和があれば逆起電力（電圧）由来
  [ OK ] 6. 指令-実測の遅れ: 相互相関ピーク 3ms (相関 0.9980, ラグ0で 0.9751)。 sysid整形時は実測列を 3 行前に詰めること
  [info] 7. 周波数応答: 定常ゲインK=0.815, 一次遅れT=1.26ms, むだ時間L=1.87ms
  [info]    高調波内訳: 4.0Hz:振幅比0.820/位相7.1deg, 13.6Hz:振幅比0.805/位相15.3deg, 29.6Hz:振幅比0.795/位相32.8deg
  [ OK ] 8. 速度デコード健全性: 位置の有限差分に対する回帰勾配 0.9944（許容 0.8〜1.25）, 相関 0.9970
  [ OK ] 10. 励振の十分性: 位置の可動範囲 0.558 rad（下限 0.2 rad。小さすぎると摩擦が同定できない）
  [ OK ] 11. 温度余裕: 65 → 66℃（上限 75℃ まで 9℃）
----------------------------------------------------------------------
  判定: 条件付き合格（WARN 2件） — 上記の注意点を踏まえて使用のこと
======================================================================
実験 005 完了
