=== 実験 005: システム同定用 multi-sine 励振信号 ===
モーター: AK45-36 (ID: 1)
基準周波数: 4.0 Hz, 基準振幅: 0.9 Nm (瞬時最大: 1.710 Nm)
記録時間: 10.25 秒, サンプリング周期: 0.001 秒 (1000 Hz)
安全上限: 位置=3.14 rad, 速度=6.0 rad/s, トルク=10.0 Nm
ログ保存先: /home/pi/Research/y25m060_20260212/TMotorCANControl/my_ak45/Mujoco/data/raw/exp005_sysid_excitation_1786575633
==================================================
デバイスを初期化: AK45-36  ID: 1
Initializing CAN Manager
Connected on: socketcan channel 'can0'
デバイス制御を開始: AK45-36  ID: 1
位置ゼロ化を実行中...
ゼロ化完了
励振開始...
経過時間: 0.00 秒 | 指令トルク: 0.119 Nm | 実測トルク: -0.014 Nm | 位置: 0.540 rad | 速度: -0.010 rad/s
経過時間: 0.10 秒 | 指令トルク: 0.878 Nm | 実測トルク: 0.669 Nm | 位置: 0.199 rad | 速度: 4.157 rad/s
経過時間: 0.20 秒 | 指令トルク: -1.471 Nm | 実測トルク: -1.249 Nm | 位置: 0.529 rad | 速度: 0.450 rad/s
経過時間: 0.30 秒 | 指令トルク: 1.015 Nm | 実測トルク: 0.641 Nm | 位置: 0.455 rad | 速度: 0.295 rad/s
経過時間: 0.40 秒 | 指令トルク: -0.588 Nm | 実測トルク: -0.300 Nm | 位置: 0.725 rad | 速度: 3.002 rad/s
経過時間: 0.50 秒 | 指令トルク: -0.714 Nm | 実測トルク: -0.705 Nm | 位置: 0.705 rad | 速度: -2.214 rad/s
経過時間: 0.60 秒 | 指令トルク: 0.727 Nm | 実測トルク: 0.576 Nm | 位置: 0.714 rad | 速度: 2.396 rad/s
経過時間: 0.70 秒 | 指令トルク: -1.230 Nm | 実測トルク: -0.936 Nm | 位置: 0.885 rad | 速度: -0.418 rad/s
経過時間: 0.80 秒 | 指令トルク: 0.265 Nm | 実測トルク: 0.171 Nm | 位置: 0.714 rad | 速度: -0.359 rad/s
経過時間: 0.90 秒 | 指令トルク: -0.241 Nm | 実測トルク: -0.023 Nm | 位置: 0.918 rad | 速度: 2.308 rad/s
経過時間: 1.00 秒 | 指令トルク: -0.524 Nm | 実測トルク: -0.309 Nm | 位置: 0.857 rad | 速度: -1.936 rad/s
経過時間: 1.10 秒 | 指令トルク: 0.279 Nm | 実測トルク: 0.300 Nm | 位置: 0.854 rad | 速度: 2.196 rad/s
経過時間: 1.20 秒 | 指令トルク: -0.459 Nm | 実測トルク: -0.244 Nm | 位置: 1.005 rad | 速度: -0.752 rad/s
経過時間: 1.30 秒 | 指令トルク: 0.346 Nm | 実測トルク: 0.392 Nm | 位置: 0.841 rad | 速度: 0.183 rad/s
経過時間: 1.40 秒 | 指令トルク: -0.315 Nm | 実測トルク: -0.217 Nm | 位置: 1.024 rad | 速度: 1.604 rad/s
経過時間: 1.50 秒 | 指令トルク: 0.424 Nm | 実測トルク: 0.447 Nm | 位置: 0.924 rad | 速度: -2.208 rad/s
経過時間: 1.60 秒 | 指令トルク: 0.155 Nm | 実測トルク: 0.254 Nm | 位置: 0.908 rad | 速度: 2.536 rad/s
経過時間: 1.70 秒 | 指令トルク: -0.229 Nm | 実測トルク: -0.290 Nm | 位置: 1.045 rad | 速度: -1.508 rad/s
経過時間: 1.80 秒 | 指令トルク: 1.143 Nm | 実測トルク: 0.982 Nm | 位置: 0.860 rad | 速度: 0.189 rad/s
経過時間: 1.90 秒 | 指令トルク: -0.709 Nm | 実測トルク: -0.622 Nm | 位置: 1.049 rad | 速度: 1.757 rad/s
経過時間: 2.00 秒 | 指令トルク: 0.810 Nm | 実測トルク: 0.466 Nm | 位置: 0.947 rad | 速度: -2.838 rad/s
経過時間: 2.10 秒 | 指令トルク: 0.527 Nm | 実測トルク: 0.539 Nm | 位置: 0.932 rad | 速度: 2.823 rad/s
経過時間: 2.20 秒 | 指令トルク: -0.862 Nm | 実測トルク: -0.890 Nm | 位置: 1.085 rad | 速度: -1.637 rad/s
経過時間: 2.30 秒 | 指令トルク: 1.549 Nm | 実測トルク: 1.093 Nm | 位置: 0.881 rad | 速度: -0.514 rad/s
経過時間: 2.40 秒 | 指令トルク: -0.877 Nm | 実測トルク: -0.678 Nm | 位置: 1.068 rad | 速度: 2.205 rad/s
経過時間: 2.50 秒 | 指令トルク: 0.097 Nm | 実測トルク: -0.254 Nm | 位置: 0.969 rad | 速度: -3.058 rad/s
経過時間: 2.60 秒 | 指令トルク: 0.878 Nm | 実測トルク: 0.761 Nm | 位置: 0.934 rad | 速度: 2.416 rad/s
経過時間: 2.70 秒 | 指令トルク: -1.480 Nm | 実測トルク: -1.259 Nm | 位置: 1.075 rad | 速度: -1.270 rad/s
経過時間: 2.80 秒 | 指令トルク: 0.999 Nm | 実測トルク: 0.595 Nm | 位置: 0.861 rad | 速度: -0.916 rad/s
経過時間: 2.90 秒 | 指令トルク: -0.583 Nm | 実測トルク: -0.373 Nm | 位置: 1.042 rad | 速度: 2.442 rad/s
経過時間: 3.00 秒 | 指令トルク: -0.726 Nm | 実測トルク: -0.752 Nm | 位置: 0.957 rad | 速度: -2.756 rad/s
経過時間: 3.10 秒 | 指令トルク: 0.725 Nm | 実測トルク: 0.586 Nm | 位置: 0.919 rad | 速度: 1.997 rad/s
経過時間: 3.20 秒 | 指令トルク: -1.223 Nm | 実測トルク: -0.853 Nm | 位置: 1.062 rad | 速度: -0.520 rad/s
経過時間: 3.30 秒 | 指令トルク: 0.260 Nm | 実測トルク: 0.161 Nm | 位置: 0.884 rad | 速度: -0.470 rad/s
経過時間: 3.40 秒 | 指令トルク: -0.233 Nm | 実測トルク: 0.014 Nm | 位置: 1.071 rad | 速度: 2.149 rad/s
経過時間: 3.50 秒 | 指令トルク: -0.515 Nm | 実測トルク: -0.309 Nm | 位置: 1.002 rad | 速度: -1.982 rad/s
経過時間: 3.60 秒 | 指令トルク: 0.282 Nm | 実測トルク: 0.290 Nm | 位置: 0.986 rad | 速度: 2.141 rad/s
経過時間: 3.70 秒 | 指令トルク: -0.447 Nm | 実測トルク: -0.309 Nm | 位置: 1.126 rad | 速度: -0.822 rad/s
経過時間: 3.80 秒 | 指令トルク: 0.357 Nm | 実測トルク: 0.429 Nm | 位置: 0.954 rad | 速度: 0.183 rad/s
経過時間: 3.90 秒 | 指令トルク: -0.311 Nm | 実測トルク: -0.217 Nm | 位置: 1.137 rad | 速度: 1.525 rad/s
経過時間: 4.00 秒 | 指令トルク: 0.435 Nm | 実測トルク: 0.373 Nm | 位置: 1.040 rad | 速度: -2.249 rad/s
経過時間: 4.10 秒 | 指令トルク: 0.164 Nm | 実測トルク: 0.281 Nm | 位置: 1.019 rad | 速度: 2.472 rad/s
経過時間: 4.20 秒 | 指令トルク: -0.231 Nm | 実測トルク: -0.300 Nm | 位置: 1.150 rad | 速度: -1.525 rad/s
経過時間: 4.30 秒 | 指令トルク: 1.153 Nm | 実測トルク: 0.927 Nm | 位置: 0.960 rad | 速度: 0.095 rad/s
経過時間: 4.40 秒 | 指令トルク: -0.710 Nm | 実測トルク: -0.604 Nm | 位置: 1.142 rad | 速度: 1.645 rad/s
経過時間: 4.50 秒 | 指令トルク: 0.803 Nm | 実測トルク: 0.438 Nm | 位置: 1.047 rad | 速度: -2.947 rad/s
経過時間: 4.60 秒 | 指令トルク: 0.534 Nm | 実測トルク: 0.539 Nm | 位置: 1.039 rad | 速度: 2.724 rad/s
経過時間: 4.70 秒 | 指令トルク: -0.877 Nm | 実測トルク: -1.000 Nm | 位置: 1.192 rad | 速度: -1.534 rad/s
経過時間: 4.80 秒 | 指令トルク: 1.542 Nm | 実測トルク: 1.120 Nm | 位置: 0.990 rad | 速度: -0.517 rad/s
経過時間: 4.90 秒 | 指令トルク: -0.877 Nm | 実測トルク: -0.622 Nm | 位置: 1.176 rad | 速度: 2.132 rad/s
経過時間: 5.00 秒 | 指令トルク: 0.076 Nm | 実測トルク: -0.207 Nm | 位置: 1.085 rad | 速度: -3.175 rad/s
経過時間: 5.10 秒 | 指令トルク: 0.878 Nm | 実測トルク: 0.816 Nm | 位置: 1.047 rad | 速度: 2.246 rad/s
経過時間: 5.20 秒 | 指令トルク: -1.488 Nm | 実測トルク: -1.277 Nm | 位置: 1.180 rad | 速度: -1.288 rad/s
経過時間: 5.30 秒 | 指令トルク: 0.984 Nm | 実測トルク: 0.567 Nm | 位置: 0.958 rad | 速度: -1.042 rad/s
経過時間: 5.40 秒 | 指令トルク: -0.578 Nm | 実測トルク: -0.309 Nm | 位置: 1.132 rad | 速度: 2.179 rad/s
経過時間: 5.50 秒 | 指令トルク: -0.737 Nm | 実測トルク: -0.724 Nm | 位置: 1.049 rad | 速度: -2.738 rad/s
経過時間: 5.60 秒 | 指令トルク: 0.722 Nm | 実測トルク: 0.604 Nm | 位置: 1.007 rad | 速度: 1.956 rad/s
経過時間: 5.70 秒 | 指令トルク: -1.215 Nm | 実測トルク: -0.835 Nm | 位置: 1.142 rad | 速度: -0.649 rad/s
経過時間: 5.80 秒 | 指令トルク: 0.255 Nm | 実測トルク: 0.124 Nm | 位置: 0.953 rad | 速度: -0.561 rad/s
経過時間: 5.90 秒 | 指令トルク: -0.225 Nm | 実測トルク: -0.032 Nm | 位置: 1.138 rad | 速度: 2.000 rad/s
経過時間: 6.00 秒 | 指令トルク: -0.506 Nm | 実測トルク: -0.290 Nm | 位置: 1.063 rad | 速度: -2.047 rad/s
経過時間: 6.10 秒 | 指令トルク: 0.285 Nm | 実測トルク: 0.373 Nm | 位置: 1.032 rad | 速度: 2.018 rad/s
経過時間: 6.20 秒 | 指令トルク: -0.436 Nm | 実測トルク: -0.217 Nm | 位置: 1.161 rad | 速度: -0.951 rad/s
経過時間: 6.30 秒 | 指令トルク: 0.368 Nm | 実測トルク: 0.420 Nm | 位置: 0.976 rad | 速度: -0.007 rad/s
経過時間: 6.40 秒 | 指令トルク: -0.307 Nm | 実測トルク: -0.152 Nm | 位置: 1.139 rad | 速度: 1.355 rad/s
経過時間: 6.50 秒 | 指令トルク: 0.446 Nm | 実測トルク: 0.420 Nm | 位置: 1.026 rad | 速度: -2.557 rad/s
経過時間: 6.60 秒 | 指令トルク: 0.173 Nm | 実測トルク: 0.272 Nm | 位置: 0.994 rad | 速度: 2.399 rad/s
経過時間: 6.70 秒 | 指令トルク: -0.233 Nm | 実測トルク: -0.346 Nm | 位置: 1.119 rad | 速度: -1.613 rad/s
経過時間: 6.80 秒 | 指令トルク: 1.163 Nm | 実測トルク: 1.000 Nm | 位置: 0.917 rad | 速度: -0.084 rad/s
経過時間: 6.90 秒 | 指令トルク: -0.711 Nm | 実測トルク: -0.641 Nm | 位置: 1.085 rad | 速度: 1.505 rad/s
経過時間: 7.00 秒 | 指令トルク: 0.795 Nm | 実測トルク: 0.466 Nm | 位置: 0.978 rad | 速度: -2.894 rad/s
経過時間: 7.10 秒 | 指令トルク: 0.541 Nm | 実測トルク: 0.493 Nm | 位置: 0.955 rad | 速度: 2.829 rad/s
経過時間: 7.20 秒 | 指令トルク: -0.892 Nm | 実測トルク: -0.917 Nm | 位置: 1.104 rad | 速度: -1.625 rad/s
経過時間: 7.30 秒 | 指令トルク: 1.535 Nm | 実測トルク: 1.074 Nm | 位置: 0.899 rad | 速度: -0.473 rad/s
経過時間: 7.40 秒 | 指令トルク: -0.877 Nm | 実測トルク: -0.678 Nm | 位置: 1.093 rad | 速度: 2.393 rad/s
経過時間: 7.50 秒 | 指令トルク: 0.054 Nm | 実測トルク: -0.290 Nm | 位置: 1.010 rad | 速度: -2.876 rad/s
経過時間: 7.60 秒 | 指令トルク: 0.878 Nm | 実測トルク: 0.733 Nm | 位置: 0.992 rad | 速度: 2.577 rad/s
経過時間: 7.70 秒 | 指令トルク: -1.497 Nm | 実測トルク: -1.277 Nm | 位置: 1.155 rad | 速度: -1.024 rad/s
経過時間: 7.80 秒 | 指令トルク: 0.968 Nm | 実測トルク: 0.595 Nm | 位置: 0.957 rad | 速度: -0.848 rad/s
経過時間: 7.90 秒 | 指令トルク: -0.572 Nm | 実測トルク: -0.346 Nm | 位置: 1.149 rad | 速度: 2.530 rad/s
経過時間: 8.00 秒 | 指令トルク: -0.747 Nm | 実測トルク: -0.715 Nm | 位置: 1.080 rad | 速度: -2.393 rad/s
経過時間: 8.10 秒 | 指令トルク: 0.720 Nm | 実測トルク: 0.650 Nm | 位置: 1.048 rad | 速度: 2.056 rad/s
経過時間: 8.20 秒 | 指令トルク: -1.208 Nm | 実測トルク: -0.835 Nm | 位置: 1.194 rad | 速度: -0.564 rad/s
経過時間: 8.30 秒 | 指令トルク: 0.251 Nm | 実測トルク: 0.161 Nm | 位置: 1.005 rad | 速度: -0.494 rad/s
経過時間: 8.40 秒 | 指令トルク: -0.216 Nm | 実測トルク: -0.005 Nm | 位置: 1.192 rad | 速度: 2.009 rad/s
経過時間: 8.50 秒 | 指令トルク: -0.497 Nm | 実測トルク: -0.217 Nm | 位置: 1.122 rad | 速度: -2.035 rad/s
経過時間: 8.60 秒 | 指令トルク: 0.288 Nm | 実測トルク: 0.355 Nm | 位置: 1.102 rad | 速度: 2.053 rad/s
経過時間: 8.70 秒 | 指令トルク: -0.424 Nm | 実測トルク: -0.198 Nm | 位置: 1.240 rad | 速度: -0.927 rad/s
経過時間: 8.80 秒 | 指令トルク: 0.379 Nm | 実測トルク: 0.429 Nm | 位置: 1.066 rad | 速度: 0.110 rad/s
経過時間: 8.90 秒 | 指令トルク: -0.303 Nm | 実測トルク: -0.235 Nm | 位置: 1.247 rad | 速度: 1.684 rad/s
経過時間: 9.00 秒 | 指令トルク: 0.456 Nm | 実測トルク: 0.420 Nm | 位置: 1.149 rad | 速度: -2.384 rad/s
経過時間: 9.10 秒 | 指令トルク: 0.182 Nm | 実測トルク: 0.327 Nm | 位置: 1.121 rad | 速度: 2.360 rad/s
経過時間: 9.20 秒 | 指令トルク: -0.236 Nm | 実測トルク: -0.272 Nm | 位置: 1.248 rad | 速度: -1.514 rad/s
経過時間: 9.30 秒 | 指令トルク: 1.173 Nm | 実測トルク: 1.028 Nm | 位置: 1.053 rad | 速度: 0.013 rad/s
経過時間: 9.40 秒 | 指令トルク: -0.713 Nm | 実測トルク: -0.641 Nm | 位置: 1.233 rad | 速度: 1.727 rad/s
経過時間: 9.50 秒 | 指令トルク: 0.786 Nm | 実測トルク: 0.456 Nm | 位置: 1.135 rad | 速度: -2.882 rad/s
経過時間: 9.60 秒 | 指令トルク: 0.547 Nm | 実測トルク: 0.512 Nm | 位置: 1.125 rad | 速度: 2.838 rad/s
経過時間: 9.70 秒 | 指令トルク: -0.907 Nm | 実測トルク: -0.945 Nm | 位置: 1.285 rad | 速度: -1.552 rad/s
経過時間: 9.80 秒 | 指令トルク: 1.528 Nm | 実測トルク: 1.102 Nm | 位置: 1.086 rad | 速度: -0.476 rad/s
経過時間: 9.90 秒 | 指令トルク: -0.878 Nm | 実測トルク: -0.678 Nm | 位置: 1.279 rad | 速度: 2.352 rad/s
経過時間: 10.00 秒 | 指令トルク: 0.033 Nm | 実測トルク: -0.300 Nm | 位置: 1.193 rad | 速度: -3.143 rad/s
経過時間: 10.10 秒 | 指令トルク: 0.878 Nm | 実測トルク: 0.788 Nm | 位置: 1.157 rad | 速度: 2.293 rad/s
経過時間: 10.20 秒 | 指令トルク: -1.505 Nm | 実測トルク: -1.351 Nm | 位置: 1.299 rad | 速度: -1.153 rad/s
実行時間: 10.25 秒
サンプル数: 実測 10250 / 期待値 10250
In 10250 cycles at 1000.00 Hz:
	avg error: 0.002 milliseconds
	stddev error: 0.031 milliseconds
	percent of time sleeping: 85.4 %
デバイス制御を終了: AK45-36  ID: 1
ログ保存完了: /home/pi/Research/y25m060_20260212/TMotorCANControl/my_ak45/Mujoco/data/raw/exp005_sysid_excitation_1786575633

======================================================================
sysid励振データ 自動検証
  対象: /home/pi/Research/y25m060_20260212/TMotorCANControl/my_ak45/Mujoco/data/raw/exp005_sysid_excitation_1786575633/log.csv
======================================================================
  [ OK ] 1. 取得の完全性: 10251 / 10250 サンプル (100.0%), 記録時間 10.25s, 公称dt 1.00ms
  [WARN]    実ジッタ (wall_time): 平均-0.000ms, 標準偏差0.049ms, 最大1.570ms (t=8.41s付近), 1.0ms超は3/10250サンプル (0.03%), 蓄積-0.0006ms/秒
  [info]    (参考): 単発スパイクはLinux（非リアルタイムOS）の背景ノイズで、本スクリプトの処理が原因ではない（numpy/CSV/CAN/GCを全て除いた最小構成でも同規模で発生することを確認済み）。SoftRealtimeLoopが直後のサンプルで詰めて相殺するため蓄積せず、実害はない
  [info]    (対処): sysid整形時は t（公称時刻）ではなく wall_time を TimeSeries の時刻軸に使うこと。指令トルクは公称tで計算され実際には wall_time の時点で印加されるため、wall_time を使えばこのずれは補正される
  [WARN] 9. 起動過渡: 3.81 rad/s 超は t=0.091〜0.143s に集中（起動直後の過渡）。 以降の速度評価は t>=0.15s で行う。sysid では先頭 0.15s を捨てるか励振にフェードインを入れること
  [ OK ]    使用可能データ量: 切り捨て後 10.10s / 目標 10.00s（目標達成）
  [ OK ] 2. 速度ピーク: 3.61 rad/s (無負荷速度 5.45 の 66%), rms 1.92
  [ OK ]    高速域の時間割合: 0.00% が 3.81 rad/s 超
  [ OK ] 3. トルク線形性: 1.084 = 速度別勾配の最大/最小 (0-1:0.771, 1-2:0.835, 2-3:0.805)
  [ OK ] 4. 指令と実測の符号反転: 0.55% (|指令|>0.3Nm のうち)
  [info] 5. 飽和の原因: 電流ピーク 0.339A（定格 2.0A の 17%）。 速度飽和があれば逆起電力（電圧）由来
  [ OK ] 6. 指令-実測の遅れ: 相互相関ピーク 3ms (相関 0.9980, ラグ0で 0.9752)。 sysid整形時は実測列を 3 行前に詰めること
  [info] 7. 周波数応答: 定常ゲインK=0.817, 一次遅れT=1.30ms, むだ時間L=1.82ms
  [info]    高調波内訳: 4.0Hz:振幅比0.820/位相7.1deg, 13.6Hz:振幅比0.807/位相15.3deg, 29.6Hz:振幅比0.795/位相32.6deg
  [ OK ] 8. 速度デコード健全性: 位置の有限差分に対する回帰勾配 0.9941（許容 0.8〜1.25）, 相関 0.9973
  [ OK ] 10. 励振の十分性: 位置の可動範囲 0.892 rad（下限 0.2 rad。小さすぎると摩擦が同定できない）
  [ OK ] 11. 温度余裕: 66 → 66℃（上限 75℃ まで 9℃）
----------------------------------------------------------------------
  判定: 条件付き合格（WARN 2件） — 上記の注意点を踏まえて使用のこと
======================================================================
実験 005 完了
