=== 実験 005: システム同定用 multi-sine 励振信号 ===
モーター: AK45-36 (ID: 1)
基準周波数: 4.0 Hz, 基準振幅: 0.9 Nm (瞬時最大: 1.710 Nm)
記録時間: 10.0 秒, サンプリング周期: 0.001 秒 (1000 Hz)
安全上限: 位置=3.14 rad, 速度=6.0 rad/s, トルク=10.0 Nm
ログ保存先: /home/pi/Research/y25m060_20260212/TMotorCANControl/my_ak45/Mujoco/data/raw/exp005_sysid_excitation_1786560014
==================================================
デバイスを初期化: AK45-36  ID: 1
Initializing CAN Manager
Connected on: socketcan channel 'can0'
デバイス制御を開始: AK45-36  ID: 1
位置ゼロ化を実行中...
ゼロ化完了
励振開始...
経過時間: 0.00 秒 | 指令トルク: 0.119 Nm | 実測トルク: -0.014 Nm | 位置: 0.317 rad | 速度: -0.037 rad/s
経過時間: 0.10 秒 | 指令トルク: 0.878 Nm | 実測トルク: 0.678 Nm | 位置: 0.195 rad | 速度: 4.139 rad/s
経過時間: 0.20 秒 | 指令トルク: -1.471 Nm | 実測トルク: -1.249 Nm | 位置: 0.516 rad | 速度: 0.309 rad/s
経過時間: 0.30 秒 | 指令トルク: 1.015 Nm | 実測トルク: 0.650 Nm | 位置: 0.432 rad | 速度: 0.215 rad/s
経過時間: 0.40 秒 | 指令トルク: -0.588 Nm | 実測トルク: -0.337 Nm | 位置: 0.699 rad | 速度: 3.187 rad/s
経過時間: 0.50 秒 | 指令トルク: -0.714 Nm | 実測トルク: -0.715 Nm | 位置: 0.676 rad | 速度: -2.158 rad/s
経過時間: 0.60 秒 | 指令トルク: 0.727 Nm | 実測トルク: 0.613 Nm | 位置: 0.682 rad | 速度: 2.393 rad/s
経過時間: 0.70 秒 | 指令トルク: -1.230 Nm | 実測トルク: -0.844 Nm | 位置: 0.853 rad | 速度: -0.491 rad/s
経過時間: 0.80 秒 | 指令トルク: 0.265 Nm | 実測トルク: 0.161 Nm | 位置: 0.678 rad | 速度: -0.423 rad/s
経過時間: 0.90 秒 | 指令トルク: -0.241 Nm | 実測トルク: -0.051 Nm | 位置: 0.866 rad | 速度: 2.044 rad/s
経過時間: 1.00 秒 | 指令トルク: -0.524 Nm | 実測トルク: -0.309 Nm | 位置: 0.788 rad | 速度: -2.129 rad/s
経過時間: 1.10 秒 | 指令トルク: 0.279 Nm | 実測トルク: 0.410 Nm | 位置: 0.759 rad | 速度: 1.944 rad/s
経過時間: 1.20 秒 | 指令トルク: -0.459 Nm | 実測トルク: -0.226 Nm | 位置: 0.890 rad | 速度: -0.907 rad/s
経過時間: 1.30 秒 | 指令トルク: 0.346 Nm | 実測トルク: 0.410 Nm | 位置: 0.707 rad | 速度: 0.022 rad/s
経過時間: 1.40 秒 | 指令トルク: -0.315 Nm | 実測トルク: -0.143 Nm | 位置: 0.877 rad | 速度: 1.396 rad/s
経過時間: 1.50 秒 | 指令トルク: 0.424 Nm | 実測トルク: 0.420 Nm | 位置: 0.766 rad | 速度: -2.460 rad/s
経過時間: 1.60 秒 | 指令トルク: 0.155 Nm | 実測トルク: 0.300 Nm | 位置: 0.734 rad | 速度: 2.305 rad/s
経過時間: 1.70 秒 | 指令トルク: -0.229 Nm | 実測トルク: -0.300 Nm | 位置: 0.858 rad | 速度: -1.625 rad/s
経過時間: 1.80 秒 | 指令トルク: 1.143 Nm | 実測トルク: 1.019 Nm | 位置: 0.655 rad | 速度: 0.013 rad/s
経過時間: 1.90 秒 | 指令トルク: -0.709 Nm | 実測トルク: -0.595 Nm | 位置: 0.831 rad | 速度: 1.566 rad/s
経過時間: 2.00 秒 | 指令トルク: 0.810 Nm | 実測トルク: 0.447 Nm | 位置: 0.729 rad | 速度: -2.944 rad/s
経過時間: 2.10 秒 | 指令トルク: 0.527 Nm | 実測トルク: 0.521 Nm | 位置: 0.719 rad | 速度: 2.800 rad/s
経過時間: 2.20 秒 | 指令トルク: -0.862 Nm | 実測トルク: -0.917 Nm | 位置: 0.867 rad | 速度: -1.648 rad/s
経過時間: 2.30 秒 | 指令トルク: 1.549 Nm | 実測トルク: 1.111 Nm | 位置: 0.656 rad | 速度: -0.558 rad/s
経過時間: 2.40 秒 | 指令トルク: -0.877 Nm | 実測トルク: -0.669 Nm | 位置: 0.841 rad | 速度: 2.097 rad/s
経過時間: 2.50 秒 | 指令トルク: 0.097 Nm | 実測トルク: -0.171 Nm | 位置: 0.749 rad | 速度: -3.184 rad/s
経過時間: 2.60 秒 | 指令トルク: 0.878 Nm | 実測トルク: 0.705 Nm | 位置: 0.716 rad | 速度: 2.363 rad/s
経過時間: 2.70 秒 | 指令トルク: -1.480 Nm | 実測トルク: -1.249 Nm | 位置: 0.860 rad | 速度: -1.221 rad/s
経過時間: 2.80 秒 | 指令トルク: 0.999 Nm | 実測トルク: 0.604 Nm | 位置: 0.641 rad | 速度: -1.048 rad/s
経過時間: 2.90 秒 | 指令トルク: -0.583 Nm | 実測トルク: -0.401 Nm | 位置: 0.815 rad | 速度: 2.296 rad/s
経過時間: 3.00 秒 | 指令トルク: -0.726 Nm | 実測トルク: -0.724 Nm | 位置: 0.724 rad | 速度: -2.621 rad/s
経過時間: 3.10 秒 | 指令トルク: 0.725 Nm | 実測トルク: 0.641 Nm | 位置: 0.679 rad | 速度: 1.965 rad/s
経過時間: 3.20 秒 | 指令トルク: -1.223 Nm | 実測トルク: -0.881 Nm | 位置: 0.811 rad | 速度: -0.737 rad/s
経過時間: 3.30 秒 | 指令トルク: 0.260 Nm | 実測トルク: 0.152 Nm | 位置: 0.618 rad | 速度: -0.541 rad/s
経過時間: 3.40 秒 | 指令トルク: -0.233 Nm | 実測トルク: -0.088 Nm | 位置: 0.799 rad | 速度: 2.070 rad/s
経過時間: 3.50 秒 | 指令トルク: -0.515 Nm | 実測トルク: -0.281 Nm | 位置: 0.719 rad | 速度: -2.056 rad/s
経過時間: 3.60 秒 | 指令トルク: 0.282 Nm | 実測トルク: 0.346 Nm | 位置: 0.692 rad | 速度: 2.094 rad/s
経過時間: 3.70 秒 | 指令トルク: -0.447 Nm | 実測トルク: -0.272 Nm | 位置: 0.823 rad | 速度: -0.875 rad/s
経過時間: 3.80 秒 | 指令トルク: 0.357 Nm | 実測トルク: 0.438 Nm | 位置: 0.647 rad | 速度: 0.107 rad/s
経過時間: 3.90 秒 | 指令トルク: -0.311 Nm | 実測トルク: -0.217 Nm | 位置: 0.824 rad | 速度: 1.584 rad/s
経過時間: 4.00 秒 | 指令トルク: 0.435 Nm | 実測トルク: 0.420 Nm | 位置: 0.715 rad | 速度: -2.419 rad/s
経過時間: 4.10 秒 | 指令トルク: 0.164 Nm | 実測トルク: 0.281 Nm | 位置: 0.683 rad | 速度: 2.372 rad/s
経過時間: 4.20 秒 | 指令トルク: -0.231 Nm | 実測トルク: -0.300 Nm | 位置: 0.802 rad | 速度: -1.695 rad/s
経過時間: 4.30 秒 | 指令トルク: 1.153 Nm | 実測トルク: 0.991 Nm | 位置: 0.599 rad | 速度: 0.016 rad/s
経過時間: 4.40 秒 | 指令トルク: -0.710 Nm | 実測トルク: -0.595 Nm | 位置: 0.779 rad | 速度: 1.584 rad/s
経過時間: 4.50 秒 | 指令トルク: 0.803 Nm | 実測トルク: 0.429 Nm | 位置: 0.671 rad | 速度: -2.961 rad/s
経過時間: 4.60 秒 | 指令トルク: 0.534 Nm | 実測トルク: 0.503 Nm | 位置: 0.651 rad | 速度: 2.891 rad/s
経過時間: 4.70 秒 | 指令トルク: -0.877 Nm | 実測トルク: -0.964 Nm | 位置: 0.797 rad | 速度: -1.663 rad/s
経過時間: 4.80 秒 | 指令トルク: 1.542 Nm | 実測トルク: 1.111 Nm | 位置: 0.589 rad | 速度: -0.544 rad/s
経過時間: 4.90 秒 | 指令トルク: -0.877 Nm | 実測トルク: -0.705 Nm | 位置: 0.773 rad | 速度: 2.152 rad/s
経過時間: 5.00 秒 | 指令トルク: 0.076 Nm | 実測トルク: -0.217 Nm | 位置: 0.679 rad | 速度: -3.143 rad/s
経過時間: 5.10 秒 | 指令トルク: 0.878 Nm | 実測トルク: 0.724 Nm | 位置: 0.653 rad | 速度: 2.460 rad/s
経過時間: 5.20 秒 | 指令トルク: -1.488 Nm | 実測トルク: -1.286 Nm | 位置: 0.805 rad | 速度: -1.156 rad/s
経過時間: 5.30 秒 | 指令トルク: 0.984 Nm | 実測トルク: 0.586 Nm | 位置: 0.593 rad | 速度: -0.980 rad/s
経過時間: 5.40 秒 | 指令トルク: -0.578 Nm | 実測トルク: -0.309 Nm | 位置: 0.767 rad | 速度: 2.264 rad/s
経過時間: 5.50 秒 | 指令トルク: -0.737 Nm | 実測トルク: -0.632 Nm | 位置: 0.673 rad | 速度: -2.718 rad/s
経過時間: 5.60 秒 | 指令トルク: 0.722 Nm | 実測トルク: 0.576 Nm | 位置: 0.626 rad | 速度: 1.927 rad/s
経過時間: 5.70 秒 | 指令トルク: -1.215 Nm | 実測トルク: -0.890 Nm | 位置: 0.761 rad | 速度: -0.675 rad/s
経過時間: 5.80 秒 | 指令トルク: 0.255 Nm | 実測トルク: 0.143 Nm | 位置: 0.566 rad | 速度: -0.590 rad/s
経過時間: 5.90 秒 | 指令トルク: -0.225 Nm | 実測トルク: -0.051 Nm | 位置: 0.751 rad | 速度: 2.079 rad/s
経過時間: 6.00 秒 | 指令トルク: -0.506 Nm | 実測トルク: -0.300 Nm | 位置: 0.672 rad | 速度: -2.111 rad/s
経過時間: 6.10 秒 | 指令トルク: 0.285 Nm | 実測トルク: 0.346 Nm | 位置: 0.650 rad | 速度: 2.094 rad/s
経過時間: 6.20 秒 | 指令トルク: -0.436 Nm | 実測トルク: -0.263 Nm | 位置: 0.791 rad | 速度: -0.866 rad/s
経過時間: 6.30 秒 | 指令トルク: 0.368 Nm | 実測トルク: 0.410 Nm | 位置: 0.616 rad | 速度: 0.098 rad/s
経過時間: 6.40 秒 | 指令トルク: -0.307 Nm | 実測トルク: -0.189 Nm | 位置: 0.796 rad | 速度: 1.607 rad/s
経過時間: 6.50 秒 | 指令トルク: 0.446 Nm | 実測トルク: 0.420 Nm | 位置: 0.697 rad | 速度: -2.237 rad/s
経過時間: 6.60 秒 | 指令トルク: 0.173 Nm | 実測トルク: 0.263 Nm | 位置: 0.675 rad | 速度: 2.375 rad/s
経過時間: 6.70 秒 | 指令トルク: -0.233 Nm | 実測トルク: -0.300 Nm | 位置: 0.804 rad | 速度: -1.499 rad/s
経過時間: 6.80 秒 | 指令トルク: 1.163 Nm | 実測トルク: 1.019 Nm | 位置: 0.610 rad | 速度: 0.063 rad/s
経過時間: 6.90 秒 | 指令トルク: -0.711 Nm | 実測トルク: -0.595 Nm | 位置: 0.792 rad | 速度: 1.657 rad/s
経過時間: 7.00 秒 | 指令トルク: 0.795 Nm | 実測トルク: 0.438 Nm | 位置: 0.701 rad | 速度: -2.815 rad/s
経過時間: 7.10 秒 | 指令トルク: 0.541 Nm | 実測トルク: 0.567 Nm | 位置: 0.697 rad | 速度: 2.908 rad/s
経過時間: 7.20 秒 | 指令トルク: -0.892 Nm | 実測トルク: -0.936 Nm | 位置: 0.848 rad | 速度: -1.558 rad/s
経過時間: 7.30 秒 | 指令トルク: 1.535 Nm | 実測トルク: 1.093 Nm | 位置: 0.649 rad | 速度: -0.450 rad/s
経過時間: 7.40 秒 | 指令トルク: -0.877 Nm | 実測トルク: -0.650 Nm | 位置: 0.848 rad | 速度: 2.255 rad/s
経過時間: 7.50 秒 | 指令トルク: 0.054 Nm | 実測トルク: -0.309 Nm | 位置: 0.767 rad | 速度: -2.908 rad/s
経過時間: 7.60 秒 | 指令トルク: 0.878 Nm | 実測トルク: 0.807 Nm | 位置: 0.747 rad | 速度: 2.577 rad/s
経過時間: 7.70 秒 | 指令トルク: -1.497 Nm | 実測トルク: -1.305 Nm | 位置: 0.905 rad | 速度: -1.030 rad/s
経過時間: 7.80 秒 | 指令トルク: 0.968 Nm | 実測トルク: 0.484 Nm | 位置: 0.698 rad | 速度: -0.936 rad/s
経過時間: 7.90 秒 | 指令トルク: -0.572 Nm | 実測トルク: -0.318 Nm | 位置: 0.880 rad | 速度: 2.366 rad/s
経過時間: 8.00 秒 | 指令トルク: -0.747 Nm | 実測トルク: -0.742 Nm | 位置: 0.801 rad | 速度: -2.513 rad/s
経過時間: 8.10 秒 | 指令トルク: 0.720 Nm | 実測トルク: 0.622 Nm | 位置: 0.767 rad | 速度: 1.974 rad/s
経過時間: 8.20 秒 | 指令トルク: -1.208 Nm | 実測トルク: -0.844 Nm | 位置: 0.906 rad | 速度: -0.637 rad/s
経過時間: 8.30 秒 | 指令トルク: 0.251 Nm | 実測トルク: 0.180 Nm | 位置: 0.710 rad | 速度: -0.590 rad/s
経過時間: 8.40 秒 | 指令トルク: -0.216 Nm | 実測トルク: -0.005 Nm | 位置: 0.884 rad | 速度: 1.977 rad/s
経過時間: 8.50 秒 | 指令トルク: -0.497 Nm | 実測トルク: -0.364 Nm | 位置: 0.796 rad | 速度: -2.182 rad/s
経過時間: 8.60 秒 | 指令トルク: 0.288 Nm | 実測トルク: 0.327 Nm | 位置: 0.761 rad | 速度: 1.874 rad/s
経過時間: 8.70 秒 | 指令トルク: -0.424 Nm | 実測トルク: -0.207 Nm | 位置: 0.893 rad | 速度: -0.840 rad/s
経過時間: 8.80 秒 | 指令トルク: 0.379 Nm | 実測トルク: 0.466 Nm | 位置: 0.720 rad | 速度: 0.089 rad/s
経過時間: 8.90 秒 | 指令トルク: -0.303 Nm | 実測トルク: -0.217 Nm | 位置: 0.899 rad | 速度: 1.704 rad/s
経過時間: 9.00 秒 | 指令トルク: 0.456 Nm | 実測トルク: 0.447 Nm | 位置: 0.801 rad | 速度: -2.337 rad/s
経過時間: 9.10 秒 | 指令トルク: 0.182 Nm | 実測トルク: 0.281 Nm | 位置: 0.781 rad | 速度: 2.475 rad/s
経過時間: 9.20 秒 | 指令トルク: -0.236 Nm | 実測トルク: -0.300 Nm | 位置: 0.919 rad | 速度: -1.434 rad/s
経過時間: 9.30 秒 | 指令トルク: 1.173 Nm | 実測トルク: 0.991 Nm | 位置: 0.733 rad | 速度: 0.078 rad/s
経過時間: 9.40 秒 | 指令トルク: -0.713 Nm | 実測トルク: -0.604 Nm | 位置: 0.910 rad | 速度: 1.593 rad/s
経過時間: 9.50 秒 | 指令トルク: 0.786 Nm | 実測トルク: 0.447 Nm | 位置: 0.810 rad | 速度: -2.958 rad/s
経過時間: 9.60 秒 | 指令トルク: 0.547 Nm | 実測トルク: 0.539 Nm | 位置: 0.795 rad | 速度: 2.700 rad/s
経過時間: 9.70 秒 | 指令トルク: -0.907 Nm | 実測トルク: -0.982 Nm | 位置: 0.941 rad | 速度: -1.727 rad/s
経過時間: 9.80 秒 | 指令トルク: 1.528 Nm | 実測トルク: 1.148 Nm | 位置: 0.735 rad | 速度: -0.500 rad/s
経過時間: 9.90 秒 | 指令トルク: -0.878 Nm | 実測トルク: -0.678 Nm | 位置: 0.920 rad | 速度: 2.105 rad/s
経過時間: 10.00 秒 | 指令トルク: 0.033 Nm | 実測トルク: -0.309 Nm | 位置: 0.831 rad | 速度: -3.134 rad/s
実行時間: 10.00 秒
サンプル数: 実測 10000 / 期待値 10000
デバイス制御を終了: AK45-36  ID: 1
ログ保存完了: /home/pi/Research/y25m060_20260212/TMotorCANControl/my_ak45/Mujoco/data/raw/exp005_sysid_excitation_1786560014
実験 005 完了
