=== 実験 005: システム同定用 multi-sine 励振信号 ===
モーター: AK45-36 (ID: 1)
基準周波数: 4.0 Hz, 基準振幅: 0.9 Nm (瞬時最大: 1.710 Nm)
記録時間: 10.25 秒, サンプリング周期: 0.001 秒 (1000 Hz)
安全上限: 位置=3.14 rad, 速度=6.0 rad/s, トルク=10.0 Nm
ログ保存先: /home/pi/Research/y25m060_20260212/TMotorCANControl/my_ak45/Mujoco/data/raw/exp005_sysid_excitation_1786564070
==================================================
デバイスを初期化: AK45-36  ID: 1
Initializing CAN Manager
Connected on: socketcan channel 'can0'
デバイス制御を開始: AK45-36  ID: 1
  AK45-36  ID: 1: 接続確認1回目失敗、再試行します...
位置ゼロ化を実行中...
ゼロ化完了
励振開始...
経過時間: 0.00 秒 | 指令トルク: 0.119 Nm | 実測トルク: 0.005 Nm | 位置: 0.225 rad | 速度: -0.025 rad/s
経過時間: 0.10 秒 | 指令トルク: 0.878 Nm | 実測トルク: 0.816 Nm | 位置: 0.195 rad | 速度: 4.098 rad/s
経過時間: 0.20 秒 | 指令トルク: -1.471 Nm | 実測トルク: -1.240 Nm | 位置: 0.516 rad | 速度: 0.283 rad/s
経過時間: 0.30 秒 | 指令トルク: 1.015 Nm | 実測トルク: 0.632 Nm | 位置: 0.435 rad | 速度: 0.315 rad/s
経過時間: 0.40 秒 | 指令トルク: -0.588 Nm | 実測トルク: -0.383 Nm | 位置: 0.708 rad | 速度: 3.119 rad/s
経過時間: 0.50 秒 | 指令トルク: -0.714 Nm | 実測トルク: -0.705 Nm | 位置: 0.696 rad | 速度: -2.018 rad/s
経過時間: 0.60 秒 | 指令トルク: 0.727 Nm | 実測トルク: 0.632 Nm | 位置: 0.712 rad | 速度: 2.281 rad/s
経過時間: 0.70 秒 | 指令トルク: -1.230 Nm | 実測トルク: -0.871 Nm | 位置: 0.879 rad | 速度: -0.438 rad/s
経過時間: 0.80 秒 | 指令トルク: 0.265 Nm | 実測トルク: 0.152 Nm | 位置: 0.708 rad | 速度: -0.353 rad/s
経過時間: 0.90 秒 | 指令トルク: -0.241 Nm | 実測トルク: -0.032 Nm | 位置: 0.912 rad | 速度: 2.088 rad/s
経過時間: 1.00 秒 | 指令トルク: -0.524 Nm | 実測トルク: -0.355 Nm | 位置: 0.847 rad | 速度: -2.056 rad/s
経過時間: 1.10 秒 | 指令トルク: 0.279 Nm | 実測トルク: 0.272 Nm | 位置: 0.834 rad | 速度: 2.220 rad/s
経過時間: 1.20 秒 | 指令トルク: -0.459 Nm | 実測トルク: -0.281 Nm | 位置: 0.977 rad | 速度: -0.749 rad/s
経過時間: 1.30 秒 | 指令トルク: 0.346 Nm | 実測トルク: 0.484 Nm | 位置: 0.814 rad | 速度: 0.072 rad/s
経過時間: 1.40 秒 | 指令トルク: -0.315 Nm | 実測トルク: -0.244 Nm | 位置: 0.986 rad | 速度: 1.464 rad/s
経過時間: 1.50 秒 | 指令トルク: 0.424 Nm | 実測トルク: 0.410 Nm | 位置: 0.879 rad | 速度: -2.440 rad/s
経過時間: 1.60 秒 | 指令トルク: 0.155 Nm | 実測トルク: 0.244 Nm | 位置: 0.857 rad | 速度: 2.399 rad/s
経過時間: 1.70 秒 | 指令トルク: -0.229 Nm | 実測トルク: -0.290 Nm | 位置: 0.989 rad | 速度: -1.525 rad/s
経過時間: 1.80 秒 | 指令トルク: 1.143 Nm | 実測トルク: 1.056 Nm | 位置: 0.805 rad | 速度: 0.168 rad/s
経過時間: 1.90 秒 | 指令トルク: -0.709 Nm | 実測トルク: -0.558 Nm | 位置: 0.996 rad | 速度: 1.704 rad/s
経過時間: 2.00 秒 | 指令トルク: 0.810 Nm | 実測トルク: 0.493 Nm | 位置: 0.893 rad | 速度: -2.929 rad/s
経過時間: 2.10 秒 | 指令トルク: 0.527 Nm | 実測トルク: 0.493 Nm | 位置: 0.877 rad | 速度: 2.859 rad/s
経過時間: 2.20 秒 | 指令トルク: -0.862 Nm | 実測トルク: -0.890 Nm | 位置: 1.021 rad | 速度: -1.666 rad/s
経過時間: 2.30 秒 | 指令トルク: 1.549 Nm | 実測トルク: 1.130 Nm | 位置: 0.813 rad | 速度: -0.529 rad/s
経過時間: 2.40 秒 | 指令トルク: -0.877 Nm | 実測トルク: -0.705 Nm | 位置: 0.995 rad | 速度: 2.147 rad/s
経過時間: 2.50 秒 | 指令トルク: 0.097 Nm | 実測トルク: -0.226 Nm | 位置: 0.894 rad | 速度: -3.122 rad/s
経過時間: 2.60 秒 | 指令トルク: 0.878 Nm | 実測トルク: 0.705 Nm | 位置: 0.858 rad | 速度: 2.343 rad/s
経過時間: 2.70 秒 | 指令トルク: -1.480 Nm | 実測トルク: -1.342 Nm | 位置: 0.995 rad | 速度: -1.355 rad/s
経過時間: 2.80 秒 | 指令トルク: 0.999 Nm | 実測トルク: 0.595 Nm | 位置: 0.775 rad | 速度: -1.036 rad/s
経過時間: 2.90 秒 | 指令トルク: -0.583 Nm | 実測トルク: -0.337 Nm | 位置: 0.947 rad | 速度: 2.202 rad/s
経過時間: 3.00 秒 | 指令トルク: -0.726 Nm | 実測トルク: -0.724 Nm | 位置: 0.856 rad | 速度: -2.648 rad/s
経過時間: 3.10 秒 | 指令トルク: 0.725 Nm | 実測トルク: 0.641 Nm | 位置: 0.828 rad | 速度: 2.023 rad/s
経過時間: 3.20 秒 | 指令トルク: -1.223 Nm | 実測トルク: -0.899 Nm | 位置: 0.974 rad | 速度: -0.576 rad/s
経過時間: 3.30 秒 | 指令トルク: 0.260 Nm | 実測トルク: 0.161 Nm | 位置: 0.789 rad | 速度: -0.488 rad/s
経過時間: 3.40 秒 | 指令トルク: -0.233 Nm | 実測トルク: -0.051 Nm | 位置: 0.981 rad | 速度: 2.170 rad/s
経過時間: 3.50 秒 | 指令トルク: -0.515 Nm | 実測トルク: -0.281 Nm | 位置: 0.912 rad | 速度: -2.047 rad/s
経過時間: 3.60 秒 | 指令トルク: 0.282 Nm | 実測トルク: 0.272 Nm | 位置: 0.894 rad | 速度: 2.070 rad/s
経過時間: 3.70 秒 | 指令トルク: -0.447 Nm | 実測トルク: -0.217 Nm | 位置: 1.029 rad | 速度: -0.828 rad/s
経過時間: 3.80 秒 | 指令トルク: 0.357 Nm | 実測トルク: 0.447 Nm | 位置: 0.851 rad | 速度: 0.066 rad/s
経過時間: 3.90 秒 | 指令トルク: -0.311 Nm | 実測トルク: -0.207 Nm | 位置: 1.026 rad | 速度: 1.467 rad/s
経過時間: 4.00 秒 | 指令トルク: 0.435 Nm | 実測トルク: 0.438 Nm | 位置: 0.923 rad | 速度: -2.431 rad/s
経過時間: 4.10 秒 | 指令トルク: 0.164 Nm | 実測トルク: 0.226 Nm | 位置: 0.900 rad | 速度: 2.372 rad/s
経過時間: 4.20 秒 | 指令トルク: -0.231 Nm | 実測トルク: -0.281 Nm | 位置: 1.028 rad | 速度: -1.681 rad/s
経過時間: 4.30 秒 | 指令トルク: 1.153 Nm | 実測トルク: 1.037 Nm | 位置: 0.832 rad | 速度: 0.028 rad/s
経過時間: 4.40 秒 | 指令トルク: -0.710 Nm | 実測トルク: -0.622 Nm | 位置: 1.005 rad | 速度: 1.525 rad/s
経過時間: 4.50 秒 | 指令トルク: 0.803 Nm | 実測トルク: 0.493 Nm | 位置: 0.897 rad | 速度: -2.903 rad/s
経過時間: 4.60 秒 | 指令トルク: 0.534 Nm | 実測トルク: 0.493 Nm | 位置: 0.880 rad | 速度: 2.727 rad/s
経過時間: 4.70 秒 | 指令トルク: -0.877 Nm | 実測トルク: -0.927 Nm | 位置: 1.031 rad | 速度: -1.596 rad/s
経過時間: 4.80 秒 | 指令トルク: 1.542 Nm | 実測トルク: 1.074 Nm | 位置: 0.823 rad | 速度: -0.552 rad/s
経過時間: 4.90 秒 | 指令トルク: -0.877 Nm | 実測トルク: -0.659 Nm | 位置: 1.015 rad | 速度: 2.264 rad/s
経過時間: 5.00 秒 | 指令トルク: 0.076 Nm | 実測トルク: -0.263 Nm | 位置: 0.931 rad | 速度: -2.923 rad/s
経過時間: 5.10 秒 | 指令トルク: 0.878 Nm | 実測トルク: 0.705 Nm | 位置: 0.906 rad | 速度: 2.519 rad/s
経過時間: 5.20 秒 | 指令トルク: -1.488 Nm | 実測トルク: -1.296 Nm | 位置: 1.052 rad | 速度: -1.238 rad/s
経過時間: 5.30 秒 | 指令トルク: 0.984 Nm | 実測トルク: 0.622 Nm | 位置: 0.839 rad | 速度: -0.933 rad/s
経過時間: 5.40 秒 | 指令トルク: -0.578 Nm | 実測トルク: -0.355 Nm | 位置: 1.020 rad | 速度: 2.293 rad/s
経過時間: 5.50 秒 | 指令トルク: -0.737 Nm | 実測トルク: -0.705 Nm | 位置: 0.934 rad | 速度: -2.736 rad/s
経過時間: 5.60 秒 | 指令トルク: 0.722 Nm | 実測トルク: 0.604 Nm | 位置: 0.896 rad | 速度: 2.059 rad/s
経過時間: 5.70 秒 | 指令トルク: -1.215 Nm | 実測トルク: -0.881 Nm | 位置: 1.029 rad | 速度: -0.599 rad/s
経過時間: 5.80 秒 | 指令トルク: 0.255 Nm | 実測トルク: 0.171 Nm | 位置: 0.839 rad | 速度: -0.582 rad/s
経過時間: 5.90 秒 | 指令トルク: -0.225 Nm | 実測トルク: -0.041 Nm | 位置: 1.024 rad | 速度: 2.012 rad/s
経過時間: 6.00 秒 | 指令トルク: -0.506 Nm | 実測トルク: -0.254 Nm | 位置: 0.946 rad | 速度: -2.120 rad/s
経過時間: 6.10 秒 | 指令トルク: 0.285 Nm | 実測トルク: 0.327 Nm | 位置: 0.925 rad | 速度: 2.117 rad/s
経過時間: 6.20 秒 | 指令トルク: -0.436 Nm | 実測トルク: -0.272 Nm | 位置: 1.064 rad | 速度: -0.828 rad/s
経過時間: 6.30 秒 | 指令トルク: 0.368 Nm | 実測トルク: 0.346 Nm | 位置: 0.892 rad | 速度: 0.107 rad/s
経過時間: 6.40 秒 | 指令トルク: -0.307 Nm | 実測トルク: -0.217 Nm | 位置: 1.065 rad | 速度: 1.473 rad/s
経過時間: 6.50 秒 | 指令トルク: 0.446 Nm | 実測トルク: 0.420 Nm | 位置: 0.957 rad | 速度: -2.316 rad/s
経過時間: 6.60 秒 | 指令トルク: 0.173 Nm | 実測トルク: 0.318 Nm | 位置: 0.928 rad | 速度: 2.431 rad/s
経過時間: 6.70 秒 | 指令トルク: -0.233 Nm | 実測トルク: -0.346 Nm | 位置: 1.057 rad | 速度: -1.558 rad/s
経過時間: 6.80 秒 | 指令トルク: 1.163 Nm | 実測トルク: 1.028 Nm | 位置: 0.867 rad | 速度: 0.063 rad/s
経過時間: 6.90 秒 | 指令トルク: -0.711 Nm | 実測トルク: -0.586 Nm | 位置: 1.052 rad | 速度: 1.675 rad/s
経過時間: 7.00 秒 | 指令トルク: 0.795 Nm | 実測トルク: 0.447 Nm | 位置: 0.966 rad | 速度: -2.712 rad/s
経過時間: 7.10 秒 | 指令トルク: 0.541 Nm | 実測トルク: 0.512 Nm | 位置: 0.967 rad | 速度: 2.835 rad/s
経過時間: 7.20 秒 | 指令トルク: -0.892 Nm | 実測トルク: -0.917 Nm | 位置: 1.124 rad | 速度: -1.648 rad/s
経過時間: 7.30 秒 | 指令トルク: 1.535 Nm | 実測トルク: 1.083 Nm | 位置: 0.924 rad | 速度: -0.406 rad/s
経過時間: 7.40 秒 | 指令トルク: -0.877 Nm | 実測トルク: -0.696 Nm | 位置: 1.118 rad | 速度: 2.217 rad/s
経過時間: 7.50 秒 | 指令トルク: 0.054 Nm | 実測トルク: -0.309 Nm | 位置: 1.033 rad | 速度: -2.964 rad/s
経過時間: 7.60 秒 | 指令トルク: 0.878 Nm | 実測トルク: 0.761 Nm | 位置: 1.002 rad | 速度: 2.337 rad/s
経過時間: 7.70 秒 | 指令トルク: -1.497 Nm | 実測トルク: -1.360 Nm | 位置: 1.140 rad | 速度: -1.209 rad/s
経過時間: 7.80 秒 | 指令トルク: 0.968 Nm | 実測トルク: 0.576 Nm | 位置: 0.919 rad | 速度: -1.074 rad/s
経過時間: 7.90 秒 | 指令トルク: -0.572 Nm | 実測トルク: -0.309 Nm | 位置: 1.087 rad | 速度: 2.144 rad/s
経過時間: 8.00 秒 | 指令トルク: -0.747 Nm | 実測トルク: -0.715 Nm | 位置: 0.999 rad | 速度: -2.612 rad/s
経過時間: 8.10 秒 | 指令トルク: 0.720 Nm | 実測トルク: 0.622 Nm | 位置: 0.958 rad | 速度: 2.103 rad/s
経過時間: 8.20 秒 | 指令トルク: -1.208 Nm | 実測トルク: -0.871 Nm | 位置: 1.100 rad | 速度: -0.617 rad/s
経過時間: 8.30 秒 | 指令トルク: 0.251 Nm | 実測トルク: 0.143 Nm | 位置: 0.912 rad | 速度: -0.552 rad/s
経過時間: 8.40 秒 | 指令トルク: -0.216 Nm | 実測トルク: -0.005 Nm | 位置: 1.089 rad | 速度: 2.026 rad/s
経過時間: 8.50 秒 | 指令トルク: -0.497 Nm | 実測トルク: -0.226 Nm | 位置: 1.003 rad | 速度: -2.129 rad/s
経過時間: 8.60 秒 | 指令トルク: 0.288 Nm | 実測トルク: 0.309 Nm | 位置: 0.970 rad | 速度: 1.883 rad/s
経過時間: 8.70 秒 | 指令トルク: -0.424 Nm | 実測トルク: -0.235 Nm | 位置: 1.099 rad | 速度: -0.916 rad/s
経過時間: 8.80 秒 | 指令トルク: 0.379 Nm | 実測トルク: 0.410 Nm | 位置: 0.919 rad | 速度: 0.060 rad/s
経過時間: 8.90 秒 | 指令トルク: -0.303 Nm | 実測トルク: -0.161 Nm | 位置: 1.088 rad | 速度: 1.473 rad/s
経過時間: 9.00 秒 | 指令トルク: 0.456 Nm | 実測トルク: 0.420 Nm | 位置: 0.984 rad | 速度: -2.358 rad/s
経過時間: 9.10 秒 | 指令トルク: 0.182 Nm | 実測トルク: 0.254 Nm | 位置: 0.961 rad | 速度: 2.384 rad/s
経過時間: 9.20 秒 | 指令トルク: -0.236 Nm | 実測トルク: -0.309 Nm | 位置: 1.093 rad | 速度: -1.522 rad/s
経過時間: 9.30 秒 | 指令トルク: 1.173 Nm | 実測トルク: 1.047 Nm | 位置: 0.901 rad | 速度: 0.013 rad/s
経過時間: 9.40 秒 | 指令トルク: -0.713 Nm | 実測トルク: -0.622 Nm | 位置: 1.081 rad | 速度: 1.695 rad/s
経過時間: 9.50 秒 | 指令トルク: 0.786 Nm | 実測トルク: 0.429 Nm | 位置: 0.979 rad | 速度: -2.958 rad/s
経過時間: 9.60 秒 | 指令トルク: 0.547 Nm | 実測トルク: 0.493 Nm | 位置: 0.960 rad | 速度: 2.721 rad/s
経過時間: 9.70 秒 | 指令トルク: -0.907 Nm | 実測トルク: -1.010 Nm | 位置: 1.108 rad | 速度: -1.581 rad/s
経過時間: 9.80 秒 | 指令トルク: 1.528 Nm | 実測トルク: 1.102 Nm | 位置: 0.911 rad | 速度: -0.438 rad/s
経過時間: 9.90 秒 | 指令トルク: -0.878 Nm | 実測トルク: -0.659 Nm | 位置: 1.110 rad | 速度: 2.355 rad/s
経過時間: 10.00 秒 | 指令トルク: 0.033 Nm | 実測トルク: -0.281 Nm | 位置: 1.025 rad | 速度: -3.096 rad/s
経過時間: 10.10 秒 | 指令トルク: 0.878 Nm | 実測トルク: 0.733 Nm | 位置: 0.986 rad | 速度: 2.305 rad/s
経過時間: 10.20 秒 | 指令トルク: -1.505 Nm | 実測トルク: -1.231 Nm | 位置: 1.121 rad | 速度: -1.256 rad/s
実行時間: 10.25 秒
サンプル数: 実測 10250 / 期待値 10250
デバイス制御を終了: AK45-36  ID: 1
ログ保存完了: /home/pi/Research/y25m060_20260212/TMotorCANControl/my_ak45/Mujoco/data/raw/exp005_sysid_excitation_1786564070

======================================================================
sysid励振データ 自動検証
  対象: /home/pi/Research/y25m060_20260212/TMotorCANControl/my_ak45/Mujoco/data/raw/exp005_sysid_excitation_1786564070/log.csv
======================================================================
  [ OK ] 1. 取得の完全性: 10251 / 10250 サンプル (100.0%), 記録時間 10.25s, 公称dt 1.00ms
  [info]    (注): t列は公称時刻のため実ジッタは評価不可
  [WARN] 9. 起動過渡: 3.81 rad/s 超は t=0.091〜0.140s に集中（起動直後の過渡）。 以降の速度評価は t>=0.15s で行う。sysid では先頭 0.15s を捨てるか励振にフェードインを入れること
  [ OK ]    使用可能データ量: 切り捨て後 10.10s / 目標 10.00s（目標達成）
  [ OK ] 2. 速度ピーク: 3.53 rad/s (無負荷速度 5.45 の 65%), rms 1.91
  [ OK ]    高速域の時間割合: 0.00% が 3.81 rad/s 超
  [ OK ] 3. トルク線形性: 1.088 = 速度別勾配の最大/最小 (0-1:0.769, 1-2:0.836, 2-3:0.807)
  [ OK ] 4. 指令と実測の符号反転: 0.63% (|指令|>0.3Nm のうち)
  [info] 5. 飽和の原因: 電流ピーク 0.337A（定格 2.0A の 17%）。 速度飽和があれば逆起電力（電圧）由来
  [ OK ] 6. 指令-実測の遅れ: 相互相関ピーク 3ms (相関 0.9978, ラグ0で 0.9751)。 sysid整形時は実測列を 3 行前に詰めること
  [info] 7. 周波数応答: 定常ゲインK=0.816, 一次遅れT=1.24ms, むだ時間L=1.87ms
  [info]    高調波内訳: 4.0Hz:振幅比0.820/位相7.2deg, 13.6Hz:振幅比0.807/位相15.2deg, 29.6Hz:振幅比0.797/位相32.6deg
  [ OK ] 8. 速度デコード健全性: 位置の有限差分に対する回帰勾配 0.9945（許容 0.8〜1.25）, 相関 0.9969
  [ OK ] 10. 励振の十分性: 位置の可動範囲 0.740 rad（下限 0.2 rad。小さすぎると摩擦が同定できない）
  [ OK ] 11. 温度余裕: 64 → 65℃（上限 75℃ まで 10℃）
----------------------------------------------------------------------
  判定: 条件付き合格（WARN 1件） — 上記の注意点を踏まえて使用のこと
======================================================================
実験 005 完了
