=== 実験 005: システム同定用 multi-sine 励振信号 ===
モーター: AK45-36 (ID: 1)
基準周波数: 4.0 Hz, 基準振幅: 0.9 Nm (瞬時最大: 1.710 Nm)
記録時間: 10.25 秒, サンプリング周期: 0.001 秒 (1000 Hz)
安全上限: 位置=3.14 rad, 速度=6.0 rad/s, トルク=10.0 Nm
ログ保存先: /home/pi/Research/y25m060_20260212/TMotorCANControl/my_ak45/Mujoco/data/raw/exp005_sysid_excitation_1786574251
==================================================
デバイスを初期化: AK45-36  ID: 1
Initializing CAN Manager
Connected on: socketcan channel 'can0'
デバイス制御を開始: AK45-36  ID: 1
  AK45-36  ID: 1: 接続確認1回目失敗、再試行します...
位置ゼロ化を実行中...
ゼロ化完了
励振開始...
経過時間: 0.00 秒 | 指令トルク: 0.119 Nm | 実測トルク: -0.014 Nm | 位置: 0.102 rad | 速度: 0.001 rad/s
経過時間: 0.10 秒 | 指令トルク: 0.878 Nm | 実測トルク: 0.715 Nm | 位置: 0.196 rad | 速度: 4.429 rad/s
経過時間: 0.20 秒 | 指令トルク: -1.471 Nm | 実測トルク: -1.231 Nm | 位置: 0.519 rad | 速度: 0.374 rad/s
経過時間: 0.30 秒 | 指令トルク: 1.015 Nm | 実測トルク: 0.715 Nm | 位置: 0.449 rad | 速度: 0.297 rad/s
経過時間: 0.40 秒 | 指令トルク: -0.588 Nm | 実測トルク: -0.346 Nm | 位置: 0.724 rad | 速度: 3.166 rad/s
経過時間: 0.50 秒 | 指令トルク: -0.714 Nm | 実測トルク: -0.705 Nm | 位置: 0.719 rad | 速度: -2.003 rad/s
経過時間: 0.60 秒 | 指令トルク: 0.727 Nm | 実測トルク: 0.632 Nm | 位置: 0.746 rad | 速度: 2.525 rad/s
経過時間: 0.70 秒 | 指令トルク: -1.230 Nm | 実測トルク: -0.917 Nm | 位置: 0.928 rad | 速度: -0.406 rad/s
経過時間: 0.80 秒 | 指令トルク: 0.265 Nm | 実測トルク: 0.189 Nm | 位置: 0.763 rad | 速度: -0.324 rad/s
経過時間: 0.90 秒 | 指令トルク: -0.241 Nm | 実測トルク: -0.005 Nm | 位置: 0.964 rad | 速度: 2.111 rad/s
経過時間: 1.00 秒 | 指令トルク: -0.524 Nm | 実測トルク: -0.309 Nm | 位置: 0.899 rad | 速度: -1.930 rad/s
経過時間: 1.10 秒 | 指令トルク: 0.279 Nm | 実測トルク: 0.263 Nm | 位置: 0.881 rad | 速度: 2.126 rad/s
経過時間: 1.20 秒 | 指令トルク: -0.459 Nm | 実測トルク: -0.290 Nm | 位置: 1.019 rad | 速度: -0.752 rad/s
経過時間: 1.30 秒 | 指令トルク: 0.346 Nm | 実測トルク: 0.410 Nm | 位置: 0.853 rad | 速度: 0.268 rad/s
経過時間: 1.40 秒 | 指令トルク: -0.315 Nm | 実測トルク: -0.171 Nm | 位置: 1.047 rad | 速度: 1.675 rad/s
経過時間: 1.50 秒 | 指令トルク: 0.424 Nm | 実測トルク: 0.401 Nm | 位置: 0.956 rad | 速度: -2.308 rad/s
経過時間: 1.60 秒 | 指令トルク: 0.155 Nm | 実測トルク: 0.254 Nm | 位置: 0.948 rad | 速度: 2.560 rad/s
経過時間: 1.70 秒 | 指令トルク: -0.229 Nm | 実測トルク: -0.309 Nm | 位置: 1.085 rad | 速度: -1.543 rad/s
経過時間: 1.80 秒 | 指令トルク: 1.143 Nm | 実測トルク: 1.019 Nm | 位置: 0.895 rad | 速度: 0.139 rad/s
経過時間: 1.90 秒 | 指令トルク: -0.709 Nm | 実測トルク: -0.613 Nm | 位置: 1.080 rad | 速度: 1.640 rad/s
経過時間: 2.00 秒 | 指令トルク: 0.810 Nm | 実測トルク: 0.392 Nm | 位置: 0.976 rad | 速度: -2.982 rad/s
経過時間: 2.10 秒 | 指令トルク: 0.527 Nm | 実測トルク: 0.549 Nm | 位置: 0.963 rad | 速度: 2.782 rad/s
経過時間: 2.20 秒 | 指令トルク: -0.862 Nm | 実測トルク: -0.899 Nm | 位置: 1.109 rad | 速度: -1.666 rad/s
経過時間: 2.30 秒 | 指令トルク: 1.549 Nm | 実測トルク: 1.130 Nm | 位置: 0.901 rad | 速度: -0.476 rad/s
経過時間: 2.40 秒 | 指令トルク: -0.877 Nm | 実測トルク: -0.650 Nm | 位置: 1.088 rad | 速度: 2.141 rad/s
経過時間: 2.50 秒 | 指令トルク: 0.097 Nm | 実測トルク: -0.290 Nm | 位置: 0.994 rad | 速度: -3.052 rad/s
経過時間: 2.60 秒 | 指令トルク: 0.878 Nm | 実測トルク: 0.705 Nm | 位置: 0.969 rad | 速度: 2.648 rad/s
経過時間: 2.70 秒 | 指令トルク: -1.480 Nm | 実測トルク: -1.351 Nm | 位置: 1.120 rad | 速度: -1.200 rad/s
経過時間: 2.80 秒 | 指令トルク: 0.999 Nm | 実測トルク: 0.586 Nm | 位置: 0.917 rad | 速度: -0.837 rad/s
経過時間: 2.90 秒 | 指令トルク: -0.583 Nm | 実測トルク: -0.364 Nm | 位置: 1.105 rad | 速度: 2.393 rad/s
経過時間: 3.00 秒 | 指令トルク: -0.726 Nm | 実測トルク: -0.742 Nm | 位置: 1.024 rad | 速度: -2.592 rad/s
経過時間: 3.10 秒 | 指令トルク: 0.725 Nm | 実測トルク: 0.539 Nm | 位置: 0.983 rad | 速度: 1.892 rad/s
経過時間: 3.20 秒 | 指令トルク: -1.223 Nm | 実測トルク: -0.853 Nm | 位置: 1.115 rad | 速度: -0.807 rad/s
経過時間: 3.30 秒 | 指令トルク: 0.260 Nm | 実測トルク: 0.189 Nm | 位置: 0.919 rad | 速度: -0.640 rad/s
経過時間: 3.40 秒 | 指令トルク: -0.233 Nm | 実測トルク: -0.051 Nm | 位置: 1.090 rad | 速度: 1.871 rad/s
経過時間: 3.50 秒 | 指令トルク: -0.515 Nm | 実測トルク: -0.327 Nm | 位置: 1.001 rad | 速度: -2.079 rad/s
経過時間: 3.60 秒 | 指令トルク: 0.282 Nm | 実測トルク: 0.337 Nm | 位置: 0.971 rad | 速度: 2.073 rad/s
経過時間: 3.70 秒 | 指令トルク: -0.447 Nm | 実測トルク: -0.254 Nm | 位置: 1.104 rad | 速度: -0.866 rad/s
経過時間: 3.80 秒 | 指令トルク: 0.357 Nm | 実測トルク: 0.401 Nm | 位置: 0.925 rad | 速度: 0.072 rad/s
経過時間: 3.90 秒 | 指令トルク: -0.311 Nm | 実測トルク: -0.124 Nm | 位置: 1.100 rad | 速度: 1.443 rad/s
経過時間: 4.00 秒 | 指令トルク: 0.435 Nm | 実測トルク: 0.484 Nm | 位置: 0.997 rad | 速度: -2.363 rad/s
経過時間: 4.10 秒 | 指令トルク: 0.164 Nm | 実測トルク: 0.327 Nm | 位置: 0.970 rad | 速度: 2.308 rad/s
経過時間: 4.20 秒 | 指令トルク: -0.231 Nm | 実測トルク: -0.207 Nm | 位置: 1.101 rad | 速度: -1.546 rad/s
経過時間: 4.30 秒 | 指令トルク: 1.153 Nm | 実測トルク: 0.991 Nm | 位置: 0.908 rad | 速度: 0.016 rad/s
経過時間: 4.40 秒 | 指令トルク: -0.710 Nm | 実測トルク: -0.586 Nm | 位置: 1.087 rad | 速度: 1.631 rad/s
経過時間: 4.50 秒 | 指令トルク: 0.803 Nm | 実測トルク: 0.456 Nm | 位置: 0.979 rad | 速度: -2.876 rad/s
経過時間: 4.60 秒 | 指令トルク: 0.534 Nm | 実測トルク: 0.447 Nm | 位置: 0.959 rad | 速度: 2.903 rad/s
経過時間: 4.70 秒 | 指令トルク: -0.877 Nm | 実測トルク: -0.908 Nm | 位置: 1.111 rad | 速度: -1.695 rad/s
経過時間: 4.80 秒 | 指令トルク: 1.542 Nm | 実測トルク: 1.093 Nm | 位置: 0.909 rad | 速度: -0.435 rad/s
経過時間: 4.90 秒 | 指令トルク: -0.877 Nm | 実測トルク: -0.669 Nm | 位置: 1.102 rad | 速度: 2.199 rad/s
経過時間: 5.00 秒 | 指令トルク: 0.076 Nm | 実測トルク: -0.244 Nm | 位置: 1.015 rad | 速度: -3.090 rad/s
経過時間: 5.10 秒 | 指令トルク: 0.878 Nm | 実測トルク: 0.761 Nm | 位置: 0.982 rad | 速度: 2.451 rad/s
経過時間: 5.20 秒 | 指令トルク: -1.488 Nm | 実測トルク: -1.305 Nm | 位置: 1.121 rad | 速度: -1.250 rad/s
経過時間: 5.30 秒 | 指令トルク: 0.984 Nm | 実測トルク: 0.576 Nm | 位置: 0.896 rad | 速度: -1.115 rad/s
経過時間: 5.40 秒 | 指令トルク: -0.578 Nm | 実測トルク: -0.364 Nm | 位置: 1.068 rad | 速度: 2.299 rad/s
経過時間: 5.50 秒 | 指令トルク: -0.737 Nm | 実測トルク: -0.696 Nm | 位置: 0.979 rad | 速度: -2.665 rad/s
経過時間: 5.60 秒 | 指令トルク: 0.722 Nm | 実測トルク: 0.586 Nm | 位置: 0.937 rad | 速度: 1.938 rad/s
経過時間: 5.70 秒 | 指令トルク: -1.215 Nm | 実測トルク: -0.862 Nm | 位置: 1.073 rad | 速度: -0.649 rad/s
経過時間: 5.80 秒 | 指令トルク: 0.255 Nm | 実測トルク: 0.171 Nm | 位置: 0.878 rad | 速度: -0.629 rad/s
経過時間: 5.90 秒 | 指令トルク: -0.225 Nm | 実測トルク: -0.069 Nm | 位置: 1.056 rad | 速度: 2.015 rad/s
経過時間: 6.00 秒 | 指令トルク: -0.506 Nm | 実測トルク: -0.290 Nm | 位置: 0.972 rad | 速度: -2.038 rad/s
経過時間: 6.10 秒 | 指令トルク: 0.285 Nm | 実測トルク: 0.337 Nm | 位置: 0.946 rad | 速度: 1.968 rad/s
経過時間: 6.20 秒 | 指令トルク: -0.436 Nm | 実測トルク: -0.290 Nm | 位置: 1.082 rad | 速度: -0.930 rad/s
経過時間: 6.30 秒 | 指令トルク: 0.368 Nm | 実測トルク: 0.420 Nm | 位置: 0.902 rad | 速度: 0.116 rad/s
経過時間: 6.40 秒 | 指令トルク: -0.307 Nm | 実測トルク: -0.189 Nm | 位置: 1.084 rad | 速度: 1.640 rad/s
経過時間: 6.50 秒 | 指令トルク: 0.446 Nm | 実測トルク: 0.438 Nm | 位置: 0.987 rad | 速度: -2.270 rad/s
経過時間: 6.60 秒 | 指令トルク: 0.173 Nm | 実測トルク: 0.272 Nm | 位置: 0.962 rad | 速度: 2.498 rad/s
経過時間: 6.70 秒 | 指令トルク: -0.233 Nm | 実測トルク: -0.300 Nm | 位置: 1.087 rad | 速度: -1.631 rad/s
経過時間: 6.80 秒 | 指令トルク: 1.163 Nm | 実測トルク: 0.973 Nm | 位置: 0.890 rad | 速度: 0.042 rad/s
経過時間: 6.90 秒 | 指令トルク: -0.711 Nm | 実測トルク: -0.613 Nm | 位置: 1.070 rad | 速度: 1.660 rad/s
経過時間: 7.00 秒 | 指令トルク: 0.795 Nm | 実測トルク: 0.521 Nm | 位置: 0.965 rad | 速度: -2.985 rad/s
経過時間: 7.10 秒 | 指令トルク: 0.541 Nm | 実測トルク: 0.530 Nm | 位置: 0.946 rad | 速度: 2.818 rad/s
経過時間: 7.20 秒 | 指令トルク: -0.892 Nm | 実測トルク: -0.936 Nm | 位置: 1.092 rad | 速度: -1.657 rad/s
経過時間: 7.30 秒 | 指令トルク: 1.535 Nm | 実測トルク: 1.093 Nm | 位置: 0.885 rad | 速度: -0.547 rad/s
経過時間: 7.40 秒 | 指令トルク: -0.877 Nm | 実測トルク: -0.715 Nm | 位置: 1.067 rad | 速度: 2.053 rad/s
経過時間: 7.50 秒 | 指令トルク: 0.054 Nm | 実測トルク: -0.272 Nm | 位置: 0.972 rad | 速度: -3.172 rad/s
経過時間: 7.60 秒 | 指令トルク: 0.878 Nm | 実測トルク: 0.761 Nm | 位置: 0.938 rad | 速度: 2.539 rad/s
経過時間: 7.70 秒 | 指令トルク: -1.497 Nm | 実測トルク: -1.323 Nm | 位置: 1.089 rad | 速度: -1.124 rad/s
経過時間: 7.80 秒 | 指令トルク: 0.968 Nm | 実測トルク: 0.549 Nm | 位置: 0.880 rad | 速度: -0.989 rad/s
経過時間: 7.90 秒 | 指令トルク: -0.572 Nm | 実測トルク: -0.290 Nm | 位置: 1.058 rad | 速度: 2.293 rad/s
経過時間: 8.00 秒 | 指令トルク: -0.747 Nm | 実測トルク: -0.724 Nm | 位置: 0.974 rad | 速度: -2.659 rad/s
経過時間: 8.10 秒 | 指令トルク: 0.720 Nm | 実測トルク: 0.632 Nm | 位置: 0.933 rad | 速度: 2.023 rad/s
経過時間: 8.20 秒 | 指令トルク: -1.208 Nm | 実測トルク: -0.835 Nm | 位置: 1.074 rad | 速度: -0.517 rad/s
経過時間: 8.30 秒 | 指令トルク: 0.251 Nm | 実測トルク: 0.152 Nm | 位置: 0.884 rad | 速度: -0.526 rad/s
経過時間: 8.40 秒 | 指令トルク: -0.216 Nm | 実測トルク: -0.014 Nm | 位置: 1.061 rad | 速度: 1.915 rad/s
経過時間: 8.50 秒 | 指令トルク: -0.497 Nm | 実測トルク: -0.281 Nm | 位置: 0.974 rad | 速度: -2.091 rad/s
経過時間: 8.60 秒 | 指令トルク: 0.288 Nm | 実測トルク: 0.272 Nm | 位置: 0.944 rad | 速度: 1.921 rad/s
経過時間: 8.70 秒 | 指令トルク: -0.424 Nm | 実測トルク: -0.189 Nm | 位置: 1.074 rad | 速度: -0.866 rad/s
経過時間: 8.80 秒 | 指令トルク: 0.379 Nm | 実測トルク: 0.438 Nm | 位置: 0.894 rad | 速度: 0.037 rad/s
経過時間: 8.90 秒 | 指令トルク: -0.303 Nm | 実測トルク: -0.198 Nm | 位置: 1.065 rad | 速度: 1.552 rad/s
経過時間: 9.00 秒 | 指令トルク: 0.456 Nm | 実測トルク: 0.438 Nm | 位置: 0.958 rad | 速度: -2.495 rad/s
経過時間: 9.10 秒 | 指令トルク: 0.182 Nm | 実測トルク: 0.346 Nm | 位置: 0.933 rad | 速度: 2.460 rad/s
経過時間: 9.20 秒 | 指令トルク: -0.236 Nm | 実測トルク: -0.309 Nm | 位置: 1.066 rad | 速度: -1.522 rad/s
経過時間: 9.30 秒 | 指令トルク: 1.173 Nm | 実測トルク: 1.010 Nm | 位置: 0.872 rad | 速度: 0.034 rad/s
経過時間: 9.40 秒 | 指令トルク: -0.713 Nm | 実測トルク: -0.567 Nm | 位置: 1.057 rad | 速度: 1.616 rad/s
経過時間: 9.50 秒 | 指令トルク: 0.786 Nm | 実測トルク: 0.438 Nm | 位置: 0.953 rad | 速度: -2.873 rad/s
経過時間: 9.60 秒 | 指令トルク: 0.547 Nm | 実測トルク: 0.521 Nm | 位置: 0.928 rad | 速度: 2.630 rad/s
経過時間: 9.70 秒 | 指令トルク: -0.907 Nm | 実測トルク: -0.964 Nm | 位置: 1.074 rad | 速度: -1.637 rad/s
経過時間: 9.80 秒 | 指令トルク: 1.528 Nm | 実測トルク: 1.130 Nm | 位置: 0.863 rad | 速度: -0.614 rad/s
経過時間: 9.90 秒 | 指令トルク: -0.878 Nm | 実測トルク: -0.696 Nm | 位置: 1.044 rad | 速度: 2.275 rad/s
経過時間: 10.00 秒 | 指令トルク: 0.033 Nm | 実測トルク: -0.309 Nm | 位置: 0.948 rad | 速度: -3.289 rad/s
経過時間: 10.10 秒 | 指令トルク: 0.878 Nm | 実測トルク: 0.770 Nm | 位置: 0.916 rad | 速度: 2.355 rad/s
経過時間: 10.20 秒 | 指令トルク: -1.505 Nm | 実測トルク: -1.296 Nm | 位置: 1.065 rad | 速度: -1.051 rad/s
実行時間: 10.25 秒
サンプル数: 実測 10250 / 期待値 10250
In 10250 cycles at 1000.00 Hz:
	avg error: 0.002 milliseconds
	stddev error: 0.049 milliseconds
	percent of time sleeping: 85.4 %
デバイス制御を終了: AK45-36  ID: 1
ログ保存完了: /home/pi/Research/y25m060_20260212/TMotorCANControl/my_ak45/Mujoco/data/raw/exp005_sysid_excitation_1786574251

======================================================================
sysid励振データ 自動検証
  対象: /home/pi/Research/y25m060_20260212/TMotorCANControl/my_ak45/Mujoco/data/raw/exp005_sysid_excitation_1786574251/log.csv
======================================================================
  [ OK ] 1. 取得の完全性: 10251 / 10250 サンプル (100.0%), 記録時間 10.25s, 公称dt 1.00ms
  [FAIL]    実ジッタ (wall_time): 平均-0.000ms, 標準偏差0.057ms, 最大3.016ms (t=7.62s付近), 1.0ms超は4/10250サンプル (0.04%)
  [info]    (対処): sysid整形時は t（公称時刻）ではなく wall_time を TimeSeries の時刻軸に使うこと。指令トルクは公称tで計算され実際には wall_time の時点で印加されるため、wall_time を使えばこのずれは補正される
  [WARN] 9. 起動過渡: 3.81 rad/s 超は t=0.091〜0.141s に集中（起動直後の過渡）。 以降の速度評価は t>=0.15s で行う。sysid では先頭 0.15s を捨てるか励振にフェードインを入れること
  [ OK ]    使用可能データ量: 切り捨て後 10.10s / 目標 10.00s（目標達成）
  [ OK ] 2. 速度ピーク: 3.75 rad/s (無負荷速度 5.45 の 69%), rms 1.92
  [ OK ]    高速域の時間割合: 0.00% が 3.81 rad/s 超
  [ OK ] 3. トルク線形性: 1.088 = 速度別勾配の最大/最小 (0-1:0.768, 1-2:0.836, 2-3:0.807)
  [ OK ] 4. 指令と実測の符号反転: 0.65% (|指令|>0.3Nm のうち)
  [info] 5. 飽和の原因: 電流ピーク 0.341A（定格 2.0A の 17%）。 速度飽和があれば逆起電力（電圧）由来
  [ OK ] 6. 指令-実測の遅れ: 相互相関ピーク 3ms (相関 0.9979, ラグ0で 0.9751)。 sysid整形時は実測列を 3 行前に詰めること
  [info] 7. 周波数応答: 定常ゲインK=0.816, 一次遅れT=1.24ms, むだ時間L=1.87ms
  [info]    高調波内訳: 4.0Hz:振幅比0.819/位相7.2deg, 13.6Hz:振幅比0.807/位相15.3deg, 29.6Hz:振幅比0.796/位相32.6deg
  [ OK ] 8. 速度デコード健全性: 位置の有限差分に対する回帰勾配 0.9939（許容 0.8〜1.25）, 相関 0.9965
  [ OK ] 10. 励振の十分性: 位置の可動範囲 0.733 rad（下限 0.2 rad。小さすぎると摩擦が同定できない）
  [ OK ] 11. 温度余裕: 65 → 65℃（上限 75℃ まで 10℃）
----------------------------------------------------------------------
  判定: 不合格（FAIL 1件, WARN 1件） — このデータはsysidに使うべきではない
======================================================================
実験 005 完了
